Component: ARM Compiler 5.06 update 1 (build 61) Tool: armlink [4d35a8]

==============================================================================

Section Cross References

    startup_stm32f10x_md.o(RESET) refers to startup_stm32f10x_md.o(STACK) for __initial_sp
    startup_stm32f10x_md.o(RESET) refers to startup_stm32f10x_md.o(.text) for Reset_Handler
    startup_stm32f10x_md.o(RESET) refers to stm32f10x_it.o(.text) for NMI_Handler
    startup_stm32f10x_md.o(.text) refers to system_stm32f10x.o(.text) for SystemInit
    startup_stm32f10x_md.o(.text) refers to entry.o(.ARM.Collect$$$$00000000) for __main
    system_stm32f10x.o(.text) refers to system_stm32f10x.o(.data) for SystemCoreClock
    stm32f10x_adc.o(.text) refers to stm32f10x_rcc.o(.text) for RCC_APB2PeriphResetCmd
    stm32f10x_bkp.o(.text) refers to stm32f10x_rcc.o(.text) for RCC_BackupResetCmd
    stm32f10x_can.o(.text) refers to stm32f10x_rcc.o(.text) for RCC_APB1PeriphResetCmd
    stm32f10x_cec.o(.text) refers to stm32f10x_rcc.o(.text) for RCC_APB1PeriphResetCmd
    stm32f10x_dac.o(.text) refers to stm32f10x_rcc.o(.text) for RCC_APB1PeriphResetCmd
    stm32f10x_gpio.o(.text) refers to stm32f10x_rcc.o(.text) for RCC_APB2PeriphResetCmd
    stm32f10x_i2c.o(.text) refers to stm32f10x_rcc.o(.text) for RCC_APB1PeriphResetCmd
    stm32f10x_pwr.o(.text) refers to stm32f10x_rcc.o(.text) for RCC_APB1PeriphResetCmd
    stm32f10x_rcc.o(.text) refers to stm32f10x_rcc.o(.data) for APBAHBPrescTable
    stm32f10x_spi.o(.text) refers to stm32f10x_rcc.o(.text) for RCC_APB2PeriphResetCmd
    stm32f10x_tim.o(.text) refers to stm32f10x_rcc.o(.text) for RCC_APB2PeriphResetCmd
    stm32f10x_usart.o(.text) refers to stm32f10x_rcc.o(.text) for RCC_APB2PeriphResetCmd
    stm32f10x_wwdg.o(.text) refers to stm32f10x_rcc.o(.text) for RCC_APB1PeriphResetCmd
    main.o(.text) refers to hal_infrared.o(.text) for IR_Handle
    main.o(.text) refers to hal_temp_hum.o(.text) for DHT11_Read_Data
    main.o(.text) refers to hal_rgb_led.o(.text) for LED_RGB_Control
    main.o(.text) refers to printf8.o(i.__0printf$8) for __2printf
    main.o(.text) refers to stm32f10x_gpio.o(.text) for GPIO_ResetBits
    main.o(.text) refers to protocol.o(.text) for exchangeBytes
    main.o(.text) refers to hal_motor.o(.text) for Motor_status
    main.o(.text) refers to hal_key.o(.text) for ReadKeyValue
    main.o(.text) refers to stm32f10x_rcc.o(.text) for RCC_GetSYSCLKSource
    main.o(.text) refers to main.o(.bss) for ReadTypeDef
    main.o(.text) refers to main.o(.data) for curHum
    main.o(.text) refers to delay.o(.text) for Delay_Init
    main.o(.text) refers to hal_uart.o(.text) for UARTx_Init
    main.o(.text) refers to hal_led.o(.text) for LED_GPIO_Init
    main.o(.text) refers to system_stm32f10x.o(.text) for SystemInit
    stm32f10x_it.o(.text) refers to stm32f10x_it.o(.emb_text) for wait
    stm32f10x_it.o(.text) refers to stm32f10x_usart.o(.text) for USART_GetITStatus
    stm32f10x_it.o(.text) refers to ringbuffer.o(.text) for rb_can_write
    stm32f10x_it.o(.text) refers to stm32f10x_tim.o(.text) for TIM_GetITStatus
    stm32f10x_it.o(.text) refers to stm32f10x_rtc.o(.text) for RTC_GetITStatus
    stm32f10x_it.o(.text) refers to printf8.o(i.__0printf$8) for __2printf
    stm32f10x_it.o(.text) refers to stm32f10x_gpio.o(.text) for GPIO_ReadInputDataBit
    stm32f10x_it.o(.text) refers to stm32f10x_exti.o(.text) for EXTI_ClearITPendingBit
    stm32f10x_it.o(.text) refers to protocol.o(.bss) for u_ring_buff
    stm32f10x_it.o(.text) refers to protocol.o(.data) for SystemTimeCount
    stm32f10x_it.o(.text) refers to stm32f10x_it.o(.data) for gaterTime
    stm32f10x_it.o(.text) refers to hal_key.o(.data) for KeyCountTime
    stm32f10x_it.o(.text) refers to main.o(.data) for gaterSensorFlag
    delay.o(.text) refers to misc.o(.text) for SysTick_CLKSourceConfig
    delay.o(.text) refers to delay.o(.data) for fac_us
    hal_key.o(.text) refers to stm32f10x_rcc.o(.text) for RCC_APB2PeriphClockCmd
    hal_key.o(.text) refers to stm32f10x_gpio.o(.text) for GPIO_Init
    hal_key.o(.text) refers to stm32f10x_tim.o(.text) for TIM_TimeBaseInit
    hal_key.o(.text) refers to misc.o(.text) for NVIC_Init
    hal_key.o(.text) refers to hal_key.o(.data) for KeyCountTime
    hal_led.o(.text) refers to stm32f10x_gpio.o(.text) for GPIO_ResetBits
    hal_led.o(.text) refers to stm32f10x_rcc.o(.text) for RCC_APB2PeriphClockCmd
    hal_motor.o(.text) refers to stm32f10x_rcc.o(.text) for RCC_APB2PeriphClockCmd
    hal_motor.o(.text) refers to stm32f10x_gpio.o(.text) for GPIO_PinRemapConfig
    hal_motor.o(.text) refers to stm32f10x_tim.o(.text) for TIM_OC1Init
    hal_rgb_led.o(.text) refers to stm32f10x_rcc.o(.text) for RCC_APB2PeriphClockCmd
    hal_rgb_led.o(.text) refers to stm32f10x_gpio.o(.text) for GPIO_Init
    hal_temp_hum.o(.text) refers to stm32f10x_gpio.o(.text) for GPIO_Init
    hal_temp_hum.o(.text) refers to delay.o(.text) for Delay_ms
    hal_temp_hum.o(.text) refers to stm32f10x_rcc.o(.text) for RCC_APB2PeriphClockCmd
    hal_uart.o(.text) refers to stm32f10x_rcc.o(.text) for RCC_APB2PeriphClockCmd
    hal_uart.o(.text) refers to stm32f10x_gpio.o(.text) for GPIO_Init
    hal_uart.o(.text) refers to stm32f10x_usart.o(.text) for USART_Init
    hal_uart.o(.text) refers to misc.o(.text) for NVIC_Init
    hal_infrared.o(.text) refers to stm32f10x_rcc.o(.text) for RCC_APB2PeriphClockCmd
    hal_infrared.o(.text) refers to stm32f10x_gpio.o(.text) for GPIO_Init
    protocol.o(.text) refers to hal_uart.o(.text) for UART2_Send_DATA
    protocol.o(.text) refers to memcpya.o(.text) for __aeabi_memcpy
    protocol.o(.text) refers to memseta.o(.text) for __aeabi_memclr
    protocol.o(.text) refers to printf8.o(i.__0printf$8) for __2printf
    protocol.o(.text) refers to ringbuffer.o(.text) for rb_new
    protocol.o(.text) refers to protocol.o(.data) for SystemTimeCount
    protocol.o(.text) refers to protocol.o(.bss) for Wait_AckStruct
    protocol.o(.text) refers to main.o(.text) for GizWits_WiFiStatueHandle
    protocol.o(.text) refers to memcmp.o(.text) for memcmp
    protocol.o(.text) refers to main.o(.data) for p0Flag
    ringbuffer.o(.text) refers to memcpya.o(.text) for __aeabi_memcpy
    entry.o(.ARM.Collect$$$$00000000) refers (Special) to entry10a.o(.ARM.Collect$$$$0000000D) for __rt_final_cpp
    entry.o(.ARM.Collect$$$$00000000) refers (Special) to entry11a.o(.ARM.Collect$$$$0000000F) for __rt_final_exit
    entry.o(.ARM.Collect$$$$00000000) refers (Special) to entry7b.o(.ARM.Collect$$$$00000008) for _main_clock
    entry.o(.ARM.Collect$$$$00000000) refers (Special) to entry8b.o(.ARM.Collect$$$$0000000A) for _main_cpp_init
    entry.o(.ARM.Collect$$$$00000000) refers (Special) to entry9a.o(.ARM.Collect$$$$0000000B) for _main_init
    entry.o(.ARM.Collect$$$$00000000) refers (Special) to entry5.o(.ARM.Collect$$$$00000004) for _main_scatterload
    entry.o(.ARM.Collect$$$$00000000) refers (Special) to entry2.o(.ARM.Collect$$$$00000001) for _main_stk
    printfb.o(i.__0fprintf$bare) refers to printfb.o(i._printf_core) for _printf_core
    printfb.o(i.__0fprintf$bare) refers to hal_uart.o(.text) for fputc
    printfb.o(i.__0printf$bare) refers to printfb.o(i._printf_core) for _printf_core
    printfb.o(i.__0printf$bare) refers to hal_uart.o(.text) for fputc
    printfb.o(i.__0printf$bare) refers to stdout.o(.data) for __stdout
    printfb.o(i.__0snprintf$bare) refers to printfb.o(i._printf_core) for _printf_core
    printfb.o(i.__0snprintf$bare) refers to printfb.o(i._snputc) for _snputc
    printfb.o(i.__0sprintf$bare) refers to printfb.o(i._printf_core) for _printf_core
    printfb.o(i.__0sprintf$bare) refers to printfb.o(i._sputc) for _sputc
    printfb.o(i.__0vfprintf$bare) refers to printfb.o(i._printf_core) for _printf_core
    printfb.o(i.__0vfprintf$bare) refers to hal_uart.o(.text) for fputc
    printfb.o(i.__0vprintf$bare) refers to printfb.o(i._printf_core) for _printf_core
    printfb.o(i.__0vprintf$bare) refers to hal_uart.o(.text) for fputc
    printfb.o(i.__0vprintf$bare) refers to stdout.o(.data) for __stdout
    printfb.o(i.__0vsnprintf$bare) refers to printfb.o(i._printf_core) for _printf_core
    printfb.o(i.__0vsnprintf$bare) refers to printfb.o(i._snputc) for _snputc
    printfb.o(i.__0vsprintf$bare) refers to printfb.o(i._printf_core) for _printf_core
    printfb.o(i.__0vsprintf$bare) refers to printfb.o(i._sputc) for _sputc
    printf0.o(i.__0fprintf$0) refers to printf0.o(i._printf_core) for _printf_core
    printf0.o(i.__0fprintf$0) refers to hal_uart.o(.text) for fputc
    printf0.o(i.__0printf$0) refers to printf0.o(i._printf_core) for _printf_core
    printf0.o(i.__0printf$0) refers to hal_uart.o(.text) for fputc
    printf0.o(i.__0printf$0) refers to stdout.o(.data) for __stdout
    printf0.o(i.__0snprintf$0) refers to printf0.o(i._printf_core) for _printf_core
    printf0.o(i.__0snprintf$0) refers to printf0.o(i._snputc) for _snputc
    printf0.o(i.__0sprintf$0) refers to printf0.o(i._printf_core) for _printf_core
    printf0.o(i.__0sprintf$0) refers to printf0.o(i._sputc) for _sputc
    printf0.o(i.__0vfprintf$0) refers to printf0.o(i._printf_core) for _printf_core
    printf0.o(i.__0vfprintf$0) refers to hal_uart.o(.text) for fputc
    printf0.o(i.__0vprintf$0) refers to printf0.o(i._printf_core) for _printf_core
    printf0.o(i.__0vprintf$0) refers to hal_uart.o(.text) for fputc
    printf0.o(i.__0vprintf$0) refers to stdout.o(.data) for __stdout
    printf0.o(i.__0vsnprintf$0) refers to printf0.o(i._printf_core) for _printf_core
    printf0.o(i.__0vsnprintf$0) refers to printf0.o(i._snputc) for _snputc
    printf0.o(i.__0vsprintf$0) refers to printf0.o(i._printf_core) for _printf_core
    printf0.o(i.__0vsprintf$0) refers to printf0.o(i._sputc) for _sputc
    printf1.o(i.__0fprintf$1) refers to printf1.o(i._printf_core) for _printf_core
    printf1.o(i.__0fprintf$1) refers to hal_uart.o(.text) for fputc
    printf1.o(i.__0printf$1) refers to printf1.o(i._printf_core) for _printf_core
    printf1.o(i.__0printf$1) refers to hal_uart.o(.text) for fputc
    printf1.o(i.__0printf$1) refers to stdout.o(.data) for __stdout
    printf1.o(i.__0snprintf$1) refers to printf1.o(i._printf_core) for _printf_core
    printf1.o(i.__0snprintf$1) refers to printf1.o(i._snputc) for _snputc
    printf1.o(i.__0sprintf$1) refers to printf1.o(i._printf_core) for _printf_core
    printf1.o(i.__0sprintf$1) refers to printf1.o(i._sputc) for _sputc
    printf1.o(i.__0vfprintf$1) refers to printf1.o(i._printf_core) for _printf_core
    printf1.o(i.__0vfprintf$1) refers to hal_uart.o(.text) for fputc
    printf1.o(i.__0vprintf$1) refers to printf1.o(i._printf_core) for _printf_core
    printf1.o(i.__0vprintf$1) refers to hal_uart.o(.text) for fputc
    printf1.o(i.__0vprintf$1) refers to stdout.o(.data) for __stdout
    printf1.o(i.__0vsnprintf$1) refers to printf1.o(i._printf_core) for _printf_core
    printf1.o(i.__0vsnprintf$1) refers to printf1.o(i._snputc) for _snputc
    printf1.o(i.__0vsprintf$1) refers to printf1.o(i._printf_core) for _printf_core
    printf1.o(i.__0vsprintf$1) refers to printf1.o(i._sputc) for _sputc
    printf1.o(i._printf_core) refers to uidiv.o(.text) for __aeabi_uidivmod
    printf2.o(i.__0fprintf$2) refers to printf2.o(i._printf_core) for _printf_core
    printf2.o(i.__0fprintf$2) refers to hal_uart.o(.text) for fputc
    printf2.o(i.__0printf$2) refers to printf2.o(i._printf_core) for _printf_core
    printf2.o(i.__0printf$2) refers to hal_uart.o(.text) for fputc
    printf2.o(i.__0printf$2) refers to stdout.o(.data) for __stdout
    printf2.o(i.__0snprintf$2) refers to printf2.o(i._printf_core) for _printf_core
    printf2.o(i.__0snprintf$2) refers to printf2.o(i._snputc) for _snputc
    printf2.o(i.__0sprintf$2) refers to printf2.o(i._printf_core) for _printf_core
    printf2.o(i.__0sprintf$2) refers to printf2.o(i._sputc) for _sputc
    printf2.o(i.__0vfprintf$2) refers to printf2.o(i._printf_core) for _printf_core
    printf2.o(i.__0vfprintf$2) refers to hal_uart.o(.text) for fputc
    printf2.o(i.__0vprintf$2) refers to printf2.o(i._printf_core) for _printf_core
    printf2.o(i.__0vprintf$2) refers to hal_uart.o(.text) for fputc
    printf2.o(i.__0vprintf$2) refers to stdout.o(.data) for __stdout
    printf2.o(i.__0vsnprintf$2) refers to printf2.o(i._printf_core) for _printf_core
    printf2.o(i.__0vsnprintf$2) refers to printf2.o(i._snputc) for _snputc
    printf2.o(i.__0vsprintf$2) refers to printf2.o(i._printf_core) for _printf_core
    printf2.o(i.__0vsprintf$2) refers to printf2.o(i._sputc) for _sputc
    printf3.o(i.__0fprintf$3) refers to printf3.o(i._printf_core) for _printf_core
    printf3.o(i.__0fprintf$3) refers to hal_uart.o(.text) for fputc
    printf3.o(i.__0printf$3) refers to printf3.o(i._printf_core) for _printf_core
    printf3.o(i.__0printf$3) refers to hal_uart.o(.text) for fputc
    printf3.o(i.__0printf$3) refers to stdout.o(.data) for __stdout
    printf3.o(i.__0snprintf$3) refers to printf3.o(i._printf_core) for _printf_core
    printf3.o(i.__0snprintf$3) refers to printf3.o(i._snputc) for _snputc
    printf3.o(i.__0sprintf$3) refers to printf3.o(i._printf_core) for _printf_core
    printf3.o(i.__0sprintf$3) refers to printf3.o(i._sputc) for _sputc
    printf3.o(i.__0vfprintf$3) refers to printf3.o(i._printf_core) for _printf_core
    printf3.o(i.__0vfprintf$3) refers to hal_uart.o(.text) for fputc
    printf3.o(i.__0vprintf$3) refers to printf3.o(i._printf_core) for _printf_core
    printf3.o(i.__0vprintf$3) refers to hal_uart.o(.text) for fputc
    printf3.o(i.__0vprintf$3) refers to stdout.o(.data) for __stdout
    printf3.o(i.__0vsnprintf$3) refers to printf3.o(i._printf_core) for _printf_core
    printf3.o(i.__0vsnprintf$3) refers to printf3.o(i._snputc) for _snputc
    printf3.o(i.__0vsprintf$3) refers to printf3.o(i._printf_core) for _printf_core
    printf3.o(i.__0vsprintf$3) refers to printf3.o(i._sputc) for _sputc
    printf3.o(i._printf_core) refers to uidiv.o(.text) for __aeabi_uidivmod
    printf4.o(i.__0fprintf$4) refers to printf4.o(i._printf_core) for _printf_core
    printf4.o(i.__0fprintf$4) refers to hal_uart.o(.text) for fputc
    printf4.o(i.__0printf$4) refers to printf4.o(i._printf_core) for _printf_core
    printf4.o(i.__0printf$4) refers to hal_uart.o(.text) for fputc
    printf4.o(i.__0printf$4) refers to stdout.o(.data) for __stdout
    printf4.o(i.__0snprintf$4) refers to printf4.o(i._printf_core) for _printf_core
    printf4.o(i.__0snprintf$4) refers to printf4.o(i._snputc) for _snputc
    printf4.o(i.__0sprintf$4) refers to printf4.o(i._printf_core) for _printf_core
    printf4.o(i.__0sprintf$4) refers to printf4.o(i._sputc) for _sputc
    printf4.o(i.__0vfprintf$4) refers to printf4.o(i._printf_core) for _printf_core
    printf4.o(i.__0vfprintf$4) refers to hal_uart.o(.text) for fputc
    printf4.o(i.__0vprintf$4) refers to printf4.o(i._printf_core) for _printf_core
    printf4.o(i.__0vprintf$4) refers to hal_uart.o(.text) for fputc
    printf4.o(i.__0vprintf$4) refers to stdout.o(.data) for __stdout
    printf4.o(i.__0vsnprintf$4) refers to printf4.o(i._printf_core) for _printf_core
    printf4.o(i.__0vsnprintf$4) refers to printf4.o(i._snputc) for _snputc
    printf4.o(i.__0vsprintf$4) refers to printf4.o(i._printf_core) for _printf_core
    printf4.o(i.__0vsprintf$4) refers to printf4.o(i._sputc) for _sputc
    printf4.o(i._printf_core) refers to uldiv.o(.text) for __aeabi_uldivmod
    printf5.o(i.__0fprintf$5) refers to printf5.o(i._printf_core) for _printf_core
    printf5.o(i.__0fprintf$5) refers to hal_uart.o(.text) for fputc
    printf5.o(i.__0printf$5) refers to printf5.o(i._printf_core) for _printf_core
    printf5.o(i.__0printf$5) refers to hal_uart.o(.text) for fputc
    printf5.o(i.__0printf$5) refers to stdout.o(.data) for __stdout
    printf5.o(i.__0snprintf$5) refers to printf5.o(i._printf_core) for _printf_core
    printf5.o(i.__0snprintf$5) refers to printf5.o(i._snputc) for _snputc
    printf5.o(i.__0sprintf$5) refers to printf5.o(i._printf_core) for _printf_core
    printf5.o(i.__0sprintf$5) refers to printf5.o(i._sputc) for _sputc
    printf5.o(i.__0vfprintf$5) refers to printf5.o(i._printf_core) for _printf_core
    printf5.o(i.__0vfprintf$5) refers to hal_uart.o(.text) for fputc
    printf5.o(i.__0vprintf$5) refers to printf5.o(i._printf_core) for _printf_core
    printf5.o(i.__0vprintf$5) refers to hal_uart.o(.text) for fputc
    printf5.o(i.__0vprintf$5) refers to stdout.o(.data) for __stdout
    printf5.o(i.__0vsnprintf$5) refers to printf5.o(i._printf_core) for _printf_core
    printf5.o(i.__0vsnprintf$5) refers to printf5.o(i._snputc) for _snputc
    printf5.o(i.__0vsprintf$5) refers to printf5.o(i._printf_core) for _printf_core
    printf5.o(i.__0vsprintf$5) refers to printf5.o(i._sputc) for _sputc
    printf5.o(i._printf_core) refers to uldiv.o(.text) for __aeabi_uldivmod
    printf6.o(i.__0fprintf$6) refers to printf6.o(i._printf_core) for _printf_core
    printf6.o(i.__0fprintf$6) refers to hal_uart.o(.text) for fputc
    printf6.o(i.__0printf$6) refers to printf6.o(i._printf_core) for _printf_core
    printf6.o(i.__0printf$6) refers to hal_uart.o(.text) for fputc
    printf6.o(i.__0printf$6) refers to stdout.o(.data) for __stdout
    printf6.o(i.__0snprintf$6) refers to printf6.o(i._printf_core) for _printf_core
    printf6.o(i.__0snprintf$6) refers to printf6.o(i._snputc) for _snputc
    printf6.o(i.__0sprintf$6) refers to printf6.o(i._printf_core) for _printf_core
    printf6.o(i.__0sprintf$6) refers to printf6.o(i._sputc) for _sputc
    printf6.o(i.__0vfprintf$6) refers to printf6.o(i._printf_core) for _printf_core
    printf6.o(i.__0vfprintf$6) refers to hal_uart.o(.text) for fputc
    printf6.o(i.__0vprintf$6) refers to printf6.o(i._printf_core) for _printf_core
    printf6.o(i.__0vprintf$6) refers to hal_uart.o(.text) for fputc
    printf6.o(i.__0vprintf$6) refers to stdout.o(.data) for __stdout
    printf6.o(i.__0vsnprintf$6) refers to printf6.o(i._printf_core) for _printf_core
    printf6.o(i.__0vsnprintf$6) refers to printf6.o(i._snputc) for _snputc
    printf6.o(i.__0vsprintf$6) refers to printf6.o(i._printf_core) for _printf_core
    printf6.o(i.__0vsprintf$6) refers to printf6.o(i._sputc) for _sputc
    printf6.o(i._printf_core) refers to printf6.o(i._printf_pre_padding) for _printf_pre_padding
    printf6.o(i._printf_core) refers to uidiv.o(.text) for __aeabi_uidivmod
    printf6.o(i._printf_core) refers to printf6.o(i._printf_post_padding) for _printf_post_padding
    printf7.o(i.__0fprintf$7) refers to printf7.o(i._printf_core) for _printf_core
    printf7.o(i.__0fprintf$7) refers to hal_uart.o(.text) for fputc
    printf7.o(i.__0printf$7) refers to printf7.o(i._printf_core) for _printf_core
    printf7.o(i.__0printf$7) refers to hal_uart.o(.text) for fputc
    printf7.o(i.__0printf$7) refers to stdout.o(.data) for __stdout
    printf7.o(i.__0snprintf$7) refers to printf7.o(i._printf_core) for _printf_core
    printf7.o(i.__0snprintf$7) refers to printf7.o(i._snputc) for _snputc
    printf7.o(i.__0sprintf$7) refers to printf7.o(i._printf_core) for _printf_core
    printf7.o(i.__0sprintf$7) refers to printf7.o(i._sputc) for _sputc
    printf7.o(i.__0vfprintf$7) refers to printf7.o(i._printf_core) for _printf_core
    printf7.o(i.__0vfprintf$7) refers to hal_uart.o(.text) for fputc
    printf7.o(i.__0vprintf$7) refers to printf7.o(i._printf_core) for _printf_core
    printf7.o(i.__0vprintf$7) refers to hal_uart.o(.text) for fputc
    printf7.o(i.__0vprintf$7) refers to stdout.o(.data) for __stdout
    printf7.o(i.__0vsnprintf$7) refers to printf7.o(i._printf_core) for _printf_core
    printf7.o(i.__0vsnprintf$7) refers to printf7.o(i._snputc) for _snputc
    printf7.o(i.__0vsprintf$7) refers to printf7.o(i._printf_core) for _printf_core
    printf7.o(i.__0vsprintf$7) refers to printf7.o(i._sputc) for _sputc
    printf7.o(i._printf_core) refers to printf7.o(i._printf_pre_padding) for _printf_pre_padding
    printf7.o(i._printf_core) refers to uldiv.o(.text) for __aeabi_uldivmod
    printf7.o(i._printf_core) refers to printf7.o(i._printf_post_padding) for _printf_post_padding
    printf8.o(i.__0fprintf$8) refers to printf8.o(i._printf_core) for _printf_core
    printf8.o(i.__0fprintf$8) refers to hal_uart.o(.text) for fputc
    printf8.o(i.__0printf$8) refers to printf8.o(i._printf_core) for _printf_core
    printf8.o(i.__0printf$8) refers to hal_uart.o(.text) for fputc
    printf8.o(i.__0printf$8) refers to stdout.o(.data) for __stdout
    printf8.o(i.__0snprintf$8) refers to printf8.o(i._printf_core) for _printf_core
    printf8.o(i.__0snprintf$8) refers to printf8.o(i._snputc) for _snputc
    printf8.o(i.__0sprintf$8) refers to printf8.o(i._printf_core) for _printf_core
    printf8.o(i.__0sprintf$8) refers to printf8.o(i._sputc) for _sputc
    printf8.o(i.__0vfprintf$8) refers to printf8.o(i._printf_core) for _printf_core
    printf8.o(i.__0vfprintf$8) refers to hal_uart.o(.text) for fputc
    printf8.o(i.__0vprintf$8) refers to printf8.o(i._printf_core) for _printf_core
    printf8.o(i.__0vprintf$8) refers to hal_uart.o(.text) for fputc
    printf8.o(i.__0vprintf$8) refers to stdout.o(.data) for __stdout
    printf8.o(i.__0vsnprintf$8) refers to printf8.o(i._printf_core) for _printf_core
    printf8.o(i.__0vsnprintf$8) refers to printf8.o(i._snputc) for _snputc
    printf8.o(i.__0vsprintf$8) refers to printf8.o(i._printf_core) for _printf_core
    printf8.o(i.__0vsprintf$8) refers to printf8.o(i._sputc) for _sputc
    printf8.o(i._printf_core) refers to printf8.o(i._printf_pre_padding) for _printf_pre_padding
    printf8.o(i._printf_core) refers to uldiv.o(.text) for __aeabi_uldivmod
    printf8.o(i._printf_core) refers to printf8.o(i._printf_post_padding) for _printf_post_padding
    printfa.o(i.__0fprintf) refers (Special) to iusefp.o(.text) for __I$use$fp
    printfa.o(i.__0fprintf) refers to printfa.o(i._printf_core) for _printf_core
    printfa.o(i.__0fprintf) refers to hal_uart.o(.text) for fputc
    printfa.o(i.__0printf) refers (Special) to iusefp.o(.text) for __I$use$fp
    printfa.o(i.__0printf) refers to printfa.o(i._printf_core) for _printf_core
    printfa.o(i.__0printf) refers to hal_uart.o(.text) for fputc
    printfa.o(i.__0printf) refers to stdout.o(.data) for __stdout
    printfa.o(i.__0snprintf) refers (Special) to iusefp.o(.text) for __I$use$fp
    printfa.o(i.__0snprintf) refers to printfa.o(i._printf_core) for _printf_core
    printfa.o(i.__0snprintf) refers to printfa.o(i._snputc) for _snputc
    printfa.o(i.__0sprintf) refers (Special) to iusefp.o(.text) for __I$use$fp
    printfa.o(i.__0sprintf) refers to printfa.o(i._printf_core) for _printf_core
    printfa.o(i.__0sprintf) refers to printfa.o(i._sputc) for _sputc
    printfa.o(i.__0vfprintf) refers (Special) to iusefp.o(.text) for __I$use$fp
    printfa.o(i.__0vfprintf) refers to printfa.o(i._printf_core) for _printf_core
    printfa.o(i.__0vfprintf) refers to hal_uart.o(.text) for fputc
    printfa.o(i.__0vprintf) refers (Special) to iusefp.o(.text) for __I$use$fp
    printfa.o(i.__0vprintf) refers to printfa.o(i._printf_core) for _printf_core
    printfa.o(i.__0vprintf) refers to hal_uart.o(.text) for fputc
    printfa.o(i.__0vprintf) refers to stdout.o(.data) for __stdout
    printfa.o(i.__0vsnprintf) refers (Special) to iusefp.o(.text) for __I$use$fp
    printfa.o(i.__0vsnprintf) refers to printfa.o(i._printf_core) for _printf_core
    printfa.o(i.__0vsnprintf) refers to printfa.o(i._snputc) for _snputc
    printfa.o(i.__0vsprintf) refers (Special) to iusefp.o(.text) for __I$use$fp
    printfa.o(i.__0vsprintf) refers to printfa.o(i._printf_core) for _printf_core
    printfa.o(i.__0vsprintf) refers to printfa.o(i._sputc) for _sputc
    printfa.o(i._fp_digits) refers (Special) to iusefp.o(.text) for __I$use$fp
    printfa.o(i._fp_digits) refers to dmul.o(.text) for __aeabi_dmul
    printfa.o(i._fp_digits) refers to ddiv.o(.text) for __aeabi_ddiv
    printfa.o(i._fp_digits) refers to cdrcmple.o(.text) for __aeabi_cdrcmple
    printfa.o(i._fp_digits) refers to dadd.o(.text) for __aeabi_dadd
    printfa.o(i._fp_digits) refers to dfixul.o(.text) for __aeabi_d2ulz
    printfa.o(i._fp_digits) refers to uldiv.o(.text) for __aeabi_uldivmod
    printfa.o(i._printf_core) refers (Special) to iusefp.o(.text) for __I$use$fp
    printfa.o(i._printf_core) refers to printfa.o(i._printf_pre_padding) for _printf_pre_padding
    printfa.o(i._printf_core) refers to uldiv.o(.text) for __aeabi_uldivmod
    printfa.o(i._printf_core) refers to printfa.o(i._printf_post_padding) for _printf_post_padding
    printfa.o(i._printf_core) refers to printfa.o(i._fp_digits) for _fp_digits
    printfa.o(i._printf_core) refers to uidiv.o(.text) for __aeabi_uidivmod
    printfa.o(i._printf_post_padding) refers (Special) to iusefp.o(.text) for __I$use$fp
    printfa.o(i._printf_pre_padding) refers (Special) to iusefp.o(.text) for __I$use$fp
    printfa.o(i._snputc) refers (Special) to iusefp.o(.text) for __I$use$fp
    printfa.o(i._sputc) refers (Special) to iusefp.o(.text) for __I$use$fp
    entry2.o(.ARM.Collect$$$$00000001) refers to entry2.o(.ARM.Collect$$$$00002712) for __lit__00000000
    entry2.o(.ARM.Collect$$$$00002712) refers to startup_stm32f10x_md.o(STACK) for __initial_sp
    entry2.o(__vectab_stack_and_reset_area) refers to startup_stm32f10x_md.o(STACK) for __initial_sp
    entry2.o(__vectab_stack_and_reset_area) refers to entry.o(.ARM.Collect$$$$00000000) for __main
    entry5.o(.ARM.Collect$$$$00000004) refers to init.o(.text) for __scatterload
    entry9a.o(.ARM.Collect$$$$0000000B) refers to main.o(.text) for main
    entry9b.o(.ARM.Collect$$$$0000000C) refers to main.o(.text) for main
    uldiv.o(.text) refers to llushr.o(.text) for __aeabi_llsr
    uldiv.o(.text) refers to llshl.o(.text) for __aeabi_llsl
    dadd.o(.text) refers to llshl.o(.text) for __aeabi_llsl
    dadd.o(.text) refers to llsshr.o(.text) for __aeabi_lasr
    dadd.o(.text) refers to depilogue.o(.text) for _double_epilogue
    dmul.o(.text) refers to depilogue.o(.text) for _double_epilogue
    ddiv.o(.text) refers to depilogue.o(.text) for _double_round
    dfixul.o(.text) refers to llushr.o(.text) for __aeabi_llsr
    dfixul.o(.text) refers to llshl.o(.text) for __aeabi_llsl
    init.o(.text) refers to entry5.o(.ARM.Collect$$$$00000004) for __main_after_scatterload
    depilogue.o(.text) refers to llshl.o(.text) for __aeabi_llsl
    depilogue.o(.text) refers to llushr.o(.text) for __aeabi_llsr


==============================================================================

Removing Unused input sections from the image.

    Removing startup_stm32f10x_md.o(HEAP), (512 bytes).
    Removing core_cm3.o(.emb_text), (32 bytes).
    Removing stm32f10x_adc.o(.text), (1102 bytes).
    Removing stm32f10x_bkp.o(.text), (196 bytes).
    Removing stm32f10x_can.o(.text), (2544 bytes).
    Removing stm32f10x_cec.o(.text), (288 bytes).
    Removing stm32f10x_crc.o(.text), (72 bytes).
    Removing stm32f10x_dac.o(.text), (396 bytes).
    Removing stm32f10x_dbgmcu.o(.text), (48 bytes).
    Removing stm32f10x_dma.o(.text), (596 bytes).
    Removing stm32f10x_flash.o(.text), (1468 bytes).
    Removing stm32f10x_fsmc.o(.text), (1548 bytes).
    Removing stm32f10x_i2c.o(.text), (1028 bytes).
    Removing stm32f10x_iwdg.o(.text), (64 bytes).
    Removing stm32f10x_pwr.o(.text), (204 bytes).
    Removing stm32f10x_sdio.o(.text), (468 bytes).
    Removing stm32f10x_spi.o(.text), (780 bytes).
    Removing stm32f10x_wwdg.o(.text), (136 bytes).
    Removing dadd.o(.text), (334 bytes).
    Removing dmul.o(.text), (228 bytes).
    Removing ddiv.o(.text), (222 bytes).
    Removing dfixul.o(.text), (48 bytes).
    Removing cdrcmple.o(.text), (48 bytes).
    Removing depilogue.o(.text), (186 bytes).

24 unused section(s) (total 12548 bytes) removed from the image.

==============================================================================

Image Symbol Table

    Local Symbols

    Symbol Name                              Value     Ov Type        Size  Object(Section)

    ../clib/microlib/division.c              0x00000000   Number         0  uldiv.o ABSOLUTE
    ../clib/microlib/division.c              0x00000000   Number         0  uidiv.o ABSOLUTE
    ../clib/microlib/init/entry.s            0x00000000   Number         0  entry.o ABSOLUTE
    ../clib/microlib/init/entry.s            0x00000000   Number         0  entry8b.o ABSOLUTE
    ../clib/microlib/init/entry.s            0x00000000   Number         0  entry2.o ABSOLUTE
    ../clib/microlib/init/entry.s            0x00000000   Number         0  entry9a.o ABSOLUTE
    ../clib/microlib/init/entry.s            0x00000000   Number         0  entry9b.o ABSOLUTE
    ../clib/microlib/init/entry.s            0x00000000   Number         0  entry7a.o ABSOLUTE
    ../clib/microlib/init/entry.s            0x00000000   Number         0  entry11b.o ABSOLUTE
    ../clib/microlib/init/entry.s            0x00000000   Number         0  entry10b.o ABSOLUTE
    ../clib/microlib/init/entry.s            0x00000000   Number         0  entry5.o ABSOLUTE
    ../clib/microlib/init/entry.s            0x00000000   Number         0  entry11a.o ABSOLUTE
    ../clib/microlib/init/entry.s            0x00000000   Number         0  entry10a.o ABSOLUTE
    ../clib/microlib/init/entry.s            0x00000000   Number         0  entry7b.o ABSOLUTE
    ../clib/microlib/init/entry.s            0x00000000   Number         0  entry8a.o ABSOLUTE
    ../clib/microlib/longlong.c              0x00000000   Number         0  llshl.o ABSOLUTE
    ../clib/microlib/longlong.c              0x00000000   Number         0  llsshr.o ABSOLUTE
    ../clib/microlib/longlong.c              0x00000000   Number         0  llushr.o ABSOLUTE
    ../clib/microlib/printf/printf.c         0x00000000   Number         0  printf4.o ABSOLUTE
    ../clib/microlib/printf/printf.c         0x00000000   Number         0  printf2.o ABSOLUTE
    ../clib/microlib/printf/printf.c         0x00000000   Number         0  printf5.o ABSOLUTE
    ../clib/microlib/printf/printf.c         0x00000000   Number         0  printf6.o ABSOLUTE
    ../clib/microlib/printf/printf.c         0x00000000   Number         0  printf7.o ABSOLUTE
    ../clib/microlib/printf/printf.c         0x00000000   Number         0  printf1.o ABSOLUTE
    ../clib/microlib/printf/printf.c         0x00000000   Number         0  printfa.o ABSOLUTE
    ../clib/microlib/printf/printf.c         0x00000000   Number         0  printf8.o ABSOLUTE
    ../clib/microlib/printf/printf.c         0x00000000   Number         0  printf0.o ABSOLUTE
    ../clib/microlib/printf/printf.c         0x00000000   Number         0  printfb.o ABSOLUTE
    ../clib/microlib/printf/printf.c         0x00000000   Number         0  printf3.o ABSOLUTE
    ../clib/microlib/printf/stubs.s          0x00000000   Number         0  stubs.o ABSOLUTE
    ../clib/microlib/stdio/streams.c         0x00000000   Number         0  stdout.o ABSOLUTE
    ../clib/microlib/string/memcmp.c         0x00000000   Number         0  memcmp.o ABSOLUTE
    ../clib/microlib/string/memcpy.c         0x00000000   Number         0  memcpyb.o ABSOLUTE
    ../clib/microlib/string/memcpy.c         0x00000000   Number         0  memcpya.o ABSOLUTE
    ../clib/microlib/string/memset.c         0x00000000   Number         0  memseta.o ABSOLUTE
    ../clib/microlib/stubs.s                 0x00000000   Number         0  iusefp.o ABSOLUTE
    ../fplib/microlib/fpadd.c                0x00000000   Number         0  dadd.o ABSOLUTE
    ../fplib/microlib/fpdiv.c                0x00000000   Number         0  ddiv.o ABSOLUTE
    ../fplib/microlib/fpepilogue.c           0x00000000   Number         0  depilogue.o ABSOLUTE
    ../fplib/microlib/fpfix.c                0x00000000   Number         0  dfixul.o ABSOLUTE
    ../fplib/microlib/fpmul.c                0x00000000   Number         0  dmul.o ABSOLUTE
    ..\Hal\Hal_Usart\hal_uart.c              0x00000000   Number         0  hal_uart.o ABSOLUTE
    ..\Hal\Hal_infrared\hal_infrared.c       0x00000000   Number         0  hal_infrared.o ABSOLUTE
    ..\Hal\Hal_key\hal_key.c                 0x00000000   Number         0  hal_key.o ABSOLUTE
    ..\Hal\Hal_led\Hal_led.c                 0x00000000   Number         0  hal_led.o ABSOLUTE
    ..\Hal\Hal_rgb_led\hal_rgb_led.c         0x00000000   Number         0  hal_rgb_led.o ABSOLUTE
    ..\Hal\hal_motor\hal_motor.c             0x00000000   Number         0  hal_motor.o ABSOLUTE
    ..\Hal\hal_temp_hum\hal_temp_hum.c       0x00000000   Number         0  hal_temp_hum.o ABSOLUTE
    ..\Lib\CMSIS\CM3\CoreSupport\core_cm3.c  0x00000000   Number         0  core_cm3.o ABSOLUTE
    ..\Lib\CMSIS\CM3\DeviceSupport\ST\STM32F10x\startup\arm\startup_stm32f10x_md.s 0x00000000   Number         0  startup_stm32f10x_md.o ABSOLUTE
    ..\Lib\CMSIS\CM3\DeviceSupport\ST\STM32F10x\system_stm32f10x.c 0x00000000   Number         0  system_stm32f10x.o ABSOLUTE
    ..\Lib\STM32F10x_StdPeriph_Driver\src\misc.c 0x00000000   Number         0  misc.o ABSOLUTE
    ..\Lib\STM32F10x_StdPeriph_Driver\src\stm32f10x_adc.c 0x00000000   Number         0  stm32f10x_adc.o ABSOLUTE
    ..\Lib\STM32F10x_StdPeriph_Driver\src\stm32f10x_bkp.c 0x00000000   Number         0  stm32f10x_bkp.o ABSOLUTE
    ..\Lib\STM32F10x_StdPeriph_Driver\src\stm32f10x_can.c 0x00000000   Number         0  stm32f10x_can.o ABSOLUTE
    ..\Lib\STM32F10x_StdPeriph_Driver\src\stm32f10x_cec.c 0x00000000   Number         0  stm32f10x_cec.o ABSOLUTE
    ..\Lib\STM32F10x_StdPeriph_Driver\src\stm32f10x_crc.c 0x00000000   Number         0  stm32f10x_crc.o ABSOLUTE
    ..\Lib\STM32F10x_StdPeriph_Driver\src\stm32f10x_dac.c 0x00000000   Number         0  stm32f10x_dac.o ABSOLUTE
    ..\Lib\STM32F10x_StdPeriph_Driver\src\stm32f10x_dbgmcu.c 0x00000000   Number         0  stm32f10x_dbgmcu.o ABSOLUTE
    ..\Lib\STM32F10x_StdPeriph_Driver\src\stm32f10x_dma.c 0x00000000   Number         0  stm32f10x_dma.o ABSOLUTE
    ..\Lib\STM32F10x_StdPeriph_Driver\src\stm32f10x_exti.c 0x00000000   Number         0  stm32f10x_exti.o ABSOLUTE
    ..\Lib\STM32F10x_StdPeriph_Driver\src\stm32f10x_flash.c 0x00000000   Number         0  stm32f10x_flash.o ABSOLUTE
    ..\Lib\STM32F10x_StdPeriph_Driver\src\stm32f10x_fsmc.c 0x00000000   Number         0  stm32f10x_fsmc.o ABSOLUTE
    ..\Lib\STM32F10x_StdPeriph_Driver\src\stm32f10x_gpio.c 0x00000000   Number         0  stm32f10x_gpio.o ABSOLUTE
    ..\Lib\STM32F10x_StdPeriph_Driver\src\stm32f10x_i2c.c 0x00000000   Number         0  stm32f10x_i2c.o ABSOLUTE
    ..\Lib\STM32F10x_StdPeriph_Driver\src\stm32f10x_iwdg.c 0x00000000   Number         0  stm32f10x_iwdg.o ABSOLUTE
    ..\Lib\STM32F10x_StdPeriph_Driver\src\stm32f10x_pwr.c 0x00000000   Number         0  stm32f10x_pwr.o ABSOLUTE
    ..\Lib\STM32F10x_StdPeriph_Driver\src\stm32f10x_rcc.c 0x00000000   Number         0  stm32f10x_rcc.o ABSOLUTE
    ..\Lib\STM32F10x_StdPeriph_Driver\src\stm32f10x_rtc.c 0x00000000   Number         0  stm32f10x_rtc.o ABSOLUTE
    ..\Lib\STM32F10x_StdPeriph_Driver\src\stm32f10x_sdio.c 0x00000000   Number         0  stm32f10x_sdio.o ABSOLUTE
    ..\Lib\STM32F10x_StdPeriph_Driver\src\stm32f10x_spi.c 0x00000000   Number         0  stm32f10x_spi.o ABSOLUTE
    ..\Lib\STM32F10x_StdPeriph_Driver\src\stm32f10x_tim.c 0x00000000   Number         0  stm32f10x_tim.o ABSOLUTE
    ..\Lib\STM32F10x_StdPeriph_Driver\src\stm32f10x_usart.c 0x00000000   Number         0  stm32f10x_usart.o ABSOLUTE
    ..\Lib\STM32F10x_StdPeriph_Driver\src\stm32f10x_wwdg.c 0x00000000   Number         0  stm32f10x_wwdg.o ABSOLUTE
    ..\Protocol\Protocol.c                   0x00000000   Number         0  protocol.o ABSOLUTE
    ..\Protocol\ringbuffer.c                 0x00000000   Number         0  ringbuffer.o ABSOLUTE
    ..\User\delay.c                          0x00000000   Number         0  delay.o ABSOLUTE
    ..\User\main.c                           0x00000000   Number         0  main.o ABSOLUTE
    ..\User\stm32f10x_it.c                   0x00000000   Number         0  stm32f10x_it.o ABSOLUTE
    ..\\Lib\\CMSIS\\CM3\\CoreSupport\\core_cm3.c 0x00000000   Number         0  core_cm3.o ABSOLUTE
    ..\\User\\stm32f10x_it.c                 0x00000000   Number         0  stm32f10x_it.o ABSOLUTE
    cdrcmple.s                               0x00000000   Number         0  cdrcmple.o ABSOLUTE
    dc.s                                     0x00000000   Number         0  dc.o ABSOLUTE
    handlers.s                               0x00000000   Number         0  handlers.o ABSOLUTE
    init.s                                   0x00000000   Number         0  init.o ABSOLUTE
    RESET                                    0x08000000   Section      236  startup_stm32f10x_md.o(RESET)
    .ARM.Collect$$$$00000000                 0x080000ec   Section        0  entry.o(.ARM.Collect$$$$00000000)
    .ARM.Collect$$$$00000001                 0x080000ec   Section        4  entry2.o(.ARM.Collect$$$$00000001)
    .ARM.Collect$$$$00000004                 0x080000f0   Section        4  entry5.o(.ARM.Collect$$$$00000004)
    .ARM.Collect$$$$00000008                 0x080000f4   Section        0  entry7b.o(.ARM.Collect$$$$00000008)
    .ARM.Collect$$$$0000000A                 0x080000f4   Section        0  entry8b.o(.ARM.Collect$$$$0000000A)
    .ARM.Collect$$$$0000000B                 0x080000f4   Section        8  entry9a.o(.ARM.Collect$$$$0000000B)
    .ARM.Collect$$$$0000000D                 0x080000fc   Section        0  entry10a.o(.ARM.Collect$$$$0000000D)
    .ARM.Collect$$$$0000000F                 0x080000fc   Section        0  entry11a.o(.ARM.Collect$$$$0000000F)
    .ARM.Collect$$$$00002712                 0x080000fc   Section        4  entry2.o(.ARM.Collect$$$$00002712)
    __lit__00000000                          0x080000fc   Data           4  entry2.o(.ARM.Collect$$$$00002712)
    .emb_text                                0x08000100   Section        2  stm32f10x_it.o(.emb_text)
    .text                                    0x08000104   Section       36  startup_stm32f10x_md.o(.text)
    .text                                    0x08000128   Section        0  system_stm32f10x.o(.text)
    SetSysClockTo72                          0x08000129   Thumb Code   214  system_stm32f10x.o(.text)
    SetSysClock                              0x080001ff   Thumb Code     8  system_stm32f10x.o(.text)
    .text                                    0x08000308   Section        0  misc.o(.text)
    .text                                    0x080003e4   Section        0  stm32f10x_exti.o(.text)
    .text                                    0x08000500   Section        0  stm32f10x_gpio.o(.text)
    .text                                    0x0800085c   Section        0  stm32f10x_rcc.o(.text)
    .text                                    0x08000c00   Section        0  stm32f10x_rtc.o(.text)
    .text                                    0x08000d48   Section        0  stm32f10x_tim.o(.text)
    TI4_Config                               0x080011ef   Thumb Code   130  stm32f10x_tim.o(.text)
    TI3_Config                               0x08001283   Thumb Code   122  stm32f10x_tim.o(.text)
    TI2_Config                               0x08001317   Thumb Code   130  stm32f10x_tim.o(.text)
    TI1_Config                               0x080013ab   Thumb Code   108  stm32f10x_tim.o(.text)
    .text                                    0x08001b64   Section        0  stm32f10x_usart.o(.text)
    .text                                    0x08001f6c   Section        0  main.o(.text)
    .text                                    0x08002728   Section        0  stm32f10x_it.o(.text)
    .text                                    0x080028d0   Section        0  delay.o(.text)
    .text                                    0x0800297c   Section        0  hal_key.o(.text)
    .text                                    0x08002b48   Section        0  hal_led.o(.text)
    .text                                    0x08002c54   Section        0  hal_motor.o(.text)
    .text                                    0x08002d60   Section        0  hal_rgb_led.o(.text)
    .text                                    0x08002edc   Section        0  hal_temp_hum.o(.text)
    .text                                    0x08003088   Section        0  hal_uart.o(.text)
    .text                                    0x08003310   Section        0  hal_infrared.o(.text)
    .text                                    0x08003350   Section        0  protocol.o(.text)
    Pro_UART_SendBuf                         0x08003351   Thumb Code    80  protocol.o(.text)
    GizWits_D2W_Resend_AckCmdHandle          0x080033a1   Thumb Code    84  protocol.o(.text)
    GizWits_W2D_AckCmdHandle                 0x080033f5   Thumb Code    52  protocol.o(.text)
    Pro_GetFrame                             0x08003507   Thumb Code   258  protocol.o(.text)
    Pro_W2D_ErrorCmdHandle                   0x08003609   Thumb Code   138  protocol.o(.text)
    Pro_W2D_CommonCmdHandle                  0x08003693   Thumb Code   100  protocol.o(.text)
    Pr0_W2D_RequestResetDeviceHandle         0x080036f7   Thumb Code    72  protocol.o(.text)
    Pro_W2D_WifiStatusHandle                 0x0800373f   Thumb Code   430  protocol.o(.text)
    Pro_D2W_ReportDevStatusHandle            0x080038ed   Thumb Code   124  protocol.o(.text)
    Pro_W2D_ReadDevStatusHandle              0x08003969   Thumb Code     8  protocol.o(.text)
    Pro_W2D_GetMcuInfo                       0x08003971   Thumb Code    90  protocol.o(.text)
    .text                                    0x08003ce4   Section        0  ringbuffer.o(.text)
    .text                                    0x08003e70   Section        0  memcpya.o(.text)
    .text                                    0x08003e94   Section        0  memseta.o(.text)
    .text                                    0x08003eb8   Section        0  memcmp.o(.text)
    .text                                    0x08003ed2   Section        0  uldiv.o(.text)
    .text                                    0x08003f34   Section       36  init.o(.text)
    .text                                    0x08003f58   Section        0  llshl.o(.text)
    .text                                    0x08003f76   Section        0  llushr.o(.text)
    i.__0printf$8                            0x08003f98   Section        0  printf8.o(i.__0printf$8)
    i.__scatterload_copy                     0x08003fb8   Section       14  handlers.o(i.__scatterload_copy)
    i.__scatterload_null                     0x08003fc6   Section        2  handlers.o(i.__scatterload_null)
    i.__scatterload_zeroinit                 0x08003fc8   Section       14  handlers.o(i.__scatterload_zeroinit)
    i._printf_core                           0x08003fd8   Section        0  printf8.o(i._printf_core)
    _printf_core                             0x08003fd9   Thumb Code   996  printf8.o(i._printf_core)
    i._printf_post_padding                   0x080043e8   Section        0  printf8.o(i._printf_post_padding)
    _printf_post_padding                     0x080043e9   Thumb Code    36  printf8.o(i._printf_post_padding)
    i._printf_pre_padding                    0x0800440c   Section        0  printf8.o(i._printf_pre_padding)
    _printf_pre_padding                      0x0800440d   Thumb Code    46  printf8.o(i._printf_pre_padding)
    .data                                    0x20000000   Section       20  system_stm32f10x.o(.data)
    .data                                    0x20000014   Section       20  stm32f10x_rcc.o(.data)
    APBAHBPrescTable                         0x20000014   Data          16  stm32f10x_rcc.o(.data)
    ADCPrescTable                            0x20000024   Data           4  stm32f10x_rcc.o(.data)
    .data                                    0x20000028   Section       20  main.o(.data)
    .data                                    0x2000003c   Section        4  stm32f10x_it.o(.data)
    .data                                    0x20000040   Section        4  delay.o(.data)
    fac_us                                   0x20000040   Data           1  delay.o(.data)
    fac_ms                                   0x20000042   Data           2  delay.o(.data)
    .data                                    0x20000044   Section        7  hal_key.o(.data)
    Key_Check                                0x20000045   Data           1  hal_key.o(.data)
    Key_State                                0x20000046   Data           1  hal_key.o(.data)
    Key_LongCheck                            0x20000048   Data           2  hal_key.o(.data)
    Key_Prev                                 0x2000004a   Data           1  hal_key.o(.data)
    .data                                    0x2000004c   Section       28  protocol.o(.data)
    .data                                    0x20000068   Section        4  stdout.o(.data)
    .bss                                     0x2000006c   Section       12  main.o(.bss)
    .bss                                     0x20000078   Section     1277  protocol.o(.bss)
    STACK                                    0x20000578   Section     1024  startup_stm32f10x_md.o(STACK)

    Global Symbols

    Symbol Name                              Value     Ov Type        Size  Object(Section)

    BuildAttributes$$THM_ISAv4$P$D$K$B$S$PE$A:L22UL41UL21$X:L11$S22US41US21$IEEE1$IW$USESV6$~STKCKD$USESV7$~SHL$OSPACE$ROPI$EBA8$MICROLIB$REQ8$PRES8$EABIv2 0x00000000   Number         0  anon$$obj.o ABSOLUTE
    __ARM_use_no_argv                        0x00000000   Number         0  main.o ABSOLUTE
    _printf_a                                0x00000000   Number         0  stubs.o ABSOLUTE
    _printf_c                                0x00000000   Number         0  stubs.o ABSOLUTE
    _printf_charcount                        0x00000000   Number         0  stubs.o ABSOLUTE
    _printf_d                                0x00000000   Number         0  stubs.o ABSOLUTE
    _printf_e                                0x00000000   Number         0  stubs.o ABSOLUTE
    _printf_f                                0x00000000   Number         0  stubs.o ABSOLUTE
    _printf_flags                            0x00000000   Number         0  stubs.o ABSOLUTE
    _printf_fp_dec                           0x00000000   Number         0  stubs.o ABSOLUTE
    _printf_fp_hex                           0x00000000   Number         0  stubs.o ABSOLUTE
    _printf_g                                0x00000000   Number         0  stubs.o ABSOLUTE
    _printf_i                                0x00000000   Number         0  stubs.o ABSOLUTE
    _printf_int_dec                          0x00000000   Number         0  stubs.o ABSOLUTE
    _printf_l                                0x00000000   Number         0  stubs.o ABSOLUTE
    _printf_lc                               0x00000000   Number         0  stubs.o ABSOLUTE
    _printf_ll                               0x00000000   Number         0  stubs.o ABSOLUTE
    _printf_lld                              0x00000000   Number         0  stubs.o ABSOLUTE
    _printf_lli                              0x00000000   Number         0  stubs.o ABSOLUTE
    _printf_llo                              0x00000000   Number         0  stubs.o ABSOLUTE
    _printf_llu                              0x00000000   Number         0  stubs.o ABSOLUTE
    _printf_llx                              0x00000000   Number         0  stubs.o ABSOLUTE
    _printf_longlong_dec                     0x00000000   Number         0  stubs.o ABSOLUTE
    _printf_longlong_hex                     0x00000000   Number         0  stubs.o ABSOLUTE
    _printf_longlong_oct                     0x00000000   Number         0  stubs.o ABSOLUTE
    _printf_ls                               0x00000000   Number         0  stubs.o ABSOLUTE
    _printf_mbtowc                           0x00000000   Number         0  stubs.o ABSOLUTE
    _printf_n                                0x00000000   Number         0  stubs.o ABSOLUTE
    _printf_o                                0x00000000   Number         0  stubs.o ABSOLUTE
    _printf_p                                0x00000000   Number         0  stubs.o ABSOLUTE
    _printf_percent                          0x00000000   Number         0  stubs.o ABSOLUTE
    _printf_pre_padding                      0x00000000   Number         0  stubs.o ABSOLUTE
    _printf_return_value                     0x00000000   Number         0  stubs.o ABSOLUTE
    _printf_s                                0x00000000   Number         0  stubs.o ABSOLUTE
    _printf_sizespec                         0x00000000   Number         0  stubs.o ABSOLUTE
    _printf_str                              0x00000000   Number         0  stubs.o ABSOLUTE
    _printf_truncate_signed                  0x00000000   Number         0  stubs.o ABSOLUTE
    _printf_truncate_unsigned                0x00000000   Number         0  stubs.o ABSOLUTE
    _printf_u                                0x00000000   Number         0  stubs.o ABSOLUTE
    _printf_wc                               0x00000000   Number         0  stubs.o ABSOLUTE
    _printf_wctomb                           0x00000000   Number         0  stubs.o ABSOLUTE
    _printf_widthprec                        0x00000000   Number         0  stubs.o ABSOLUTE
    _printf_x                                0x00000000   Number         0  stubs.o ABSOLUTE
    __cpp_initialize__aeabi_                  - Undefined Weak Reference
    __cxa_finalize                            - Undefined Weak Reference
    __decompress                              - Undefined Weak Reference
    _clock_init                               - Undefined Weak Reference
    _microlib_exit                            - Undefined Weak Reference
    __Vectors_Size                           0x000000ec   Number         0  startup_stm32f10x_md.o ABSOLUTE
    __Vectors                                0x08000000   Data           4  startup_stm32f10x_md.o(RESET)
    __Vectors_End                            0x080000ec   Data           0  startup_stm32f10x_md.o(RESET)
    __main                                   0x080000ed   Thumb Code     0  entry.o(.ARM.Collect$$$$00000000)
    _main_stk                                0x080000ed   Thumb Code     0  entry2.o(.ARM.Collect$$$$00000001)
    _main_scatterload                        0x080000f1   Thumb Code     0  entry5.o(.ARM.Collect$$$$00000004)
    __main_after_scatterload                 0x080000f5   Thumb Code     0  entry5.o(.ARM.Collect$$$$00000004)
    _main_clock                              0x080000f5   Thumb Code     0  entry7b.o(.ARM.Collect$$$$00000008)
    _main_cpp_init                           0x080000f5   Thumb Code     0  entry8b.o(.ARM.Collect$$$$0000000A)
    _main_init                               0x080000f5   Thumb Code     0  entry9a.o(.ARM.Collect$$$$0000000B)
    __rt_final_cpp                           0x080000fd   Thumb Code     0  entry10a.o(.ARM.Collect$$$$0000000D)
    __rt_final_exit                          0x080000fd   Thumb Code     0  entry11a.o(.ARM.Collect$$$$0000000F)
    wait                                     0x08000101   Thumb Code     2  stm32f10x_it.o(.emb_text)
    Reset_Handler                            0x08000105   Thumb Code     8  startup_stm32f10x_md.o(.text)
    ADC1_2_IRQHandler                        0x0800011f   Thumb Code     0  startup_stm32f10x_md.o(.text)
    CAN1_RX1_IRQHandler                      0x0800011f   Thumb Code     0  startup_stm32f10x_md.o(.text)
    CAN1_SCE_IRQHandler                      0x0800011f   Thumb Code     0  startup_stm32f10x_md.o(.text)
    DMA1_Channel1_IRQHandler                 0x0800011f   Thumb Code     0  startup_stm32f10x_md.o(.text)
    DMA1_Channel2_IRQHandler                 0x0800011f   Thumb Code     0  startup_stm32f10x_md.o(.text)
    DMA1_Channel3_IRQHandler                 0x0800011f   Thumb Code     0  startup_stm32f10x_md.o(.text)
    DMA1_Channel4_IRQHandler                 0x0800011f   Thumb Code     0  startup_stm32f10x_md.o(.text)
    DMA1_Channel5_IRQHandler                 0x0800011f   Thumb Code     0  startup_stm32f10x_md.o(.text)
    DMA1_Channel6_IRQHandler                 0x0800011f   Thumb Code     0  startup_stm32f10x_md.o(.text)
    DMA1_Channel7_IRQHandler                 0x0800011f   Thumb Code     0  startup_stm32f10x_md.o(.text)
    EXTI0_IRQHandler                         0x0800011f   Thumb Code     0  startup_stm32f10x_md.o(.text)
    EXTI15_10_IRQHandler                     0x0800011f   Thumb Code     0  startup_stm32f10x_md.o(.text)
    EXTI1_IRQHandler                         0x0800011f   Thumb Code     0  startup_stm32f10x_md.o(.text)
    EXTI2_IRQHandler                         0x0800011f   Thumb Code     0  startup_stm32f10x_md.o(.text)
    EXTI3_IRQHandler                         0x0800011f   Thumb Code     0  startup_stm32f10x_md.o(.text)
    EXTI4_IRQHandler                         0x0800011f   Thumb Code     0  startup_stm32f10x_md.o(.text)
    FLASH_IRQHandler                         0x0800011f   Thumb Code     0  startup_stm32f10x_md.o(.text)
    I2C1_ER_IRQHandler                       0x0800011f   Thumb Code     0  startup_stm32f10x_md.o(.text)
    I2C1_EV_IRQHandler                       0x0800011f   Thumb Code     0  startup_stm32f10x_md.o(.text)
    I2C2_ER_IRQHandler                       0x0800011f   Thumb Code     0  startup_stm32f10x_md.o(.text)
    I2C2_EV_IRQHandler                       0x0800011f   Thumb Code     0  startup_stm32f10x_md.o(.text)
    PVD_IRQHandler                           0x0800011f   Thumb Code     0  startup_stm32f10x_md.o(.text)
    RCC_IRQHandler                           0x0800011f   Thumb Code     0  startup_stm32f10x_md.o(.text)
    RTCAlarm_IRQHandler                      0x0800011f   Thumb Code     0  startup_stm32f10x_md.o(.text)
    SPI1_IRQHandler                          0x0800011f   Thumb Code     0  startup_stm32f10x_md.o(.text)
    SPI2_IRQHandler                          0x0800011f   Thumb Code     0  startup_stm32f10x_md.o(.text)
    TAMPER_IRQHandler                        0x0800011f   Thumb Code     0  startup_stm32f10x_md.o(.text)
    TIM1_BRK_IRQHandler                      0x0800011f   Thumb Code     0  startup_stm32f10x_md.o(.text)
    TIM1_CC_IRQHandler                       0x0800011f   Thumb Code     0  startup_stm32f10x_md.o(.text)
    TIM1_TRG_COM_IRQHandler                  0x0800011f   Thumb Code     0  startup_stm32f10x_md.o(.text)
    TIM1_UP_IRQHandler                       0x0800011f   Thumb Code     0  startup_stm32f10x_md.o(.text)
    TIM2_IRQHandler                          0x0800011f   Thumb Code     0  startup_stm32f10x_md.o(.text)
    TIM4_IRQHandler                          0x0800011f   Thumb Code     0  startup_stm32f10x_md.o(.text)
    USBWakeUp_IRQHandler                     0x0800011f   Thumb Code     0  startup_stm32f10x_md.o(.text)
    USB_HP_CAN1_TX_IRQHandler                0x0800011f   Thumb Code     0  startup_stm32f10x_md.o(.text)
    USB_LP_CAN1_RX0_IRQHandler               0x0800011f   Thumb Code     0  startup_stm32f10x_md.o(.text)
    WWDG_IRQHandler                          0x0800011f   Thumb Code     0  startup_stm32f10x_md.o(.text)
    SystemInit                               0x08000207   Thumb Code    78  system_stm32f10x.o(.text)
    SystemCoreClockUpdate                    0x08000255   Thumb Code   142  system_stm32f10x.o(.text)
    NVIC_PriorityGroupConfig                 0x08000309   Thumb Code    10  misc.o(.text)
    NVIC_Init                                0x08000313   Thumb Code   100  misc.o(.text)
    NVIC_SetVectorTable                      0x08000377   Thumb Code    14  misc.o(.text)
    NVIC_SystemLPConfig                      0x08000385   Thumb Code    34  misc.o(.text)
    SysTick_CLKSourceConfig                  0x080003a7   Thumb Code    40  misc.o(.text)
    EXTI_DeInit                              0x080003e5   Thumb Code    28  stm32f10x_exti.o(.text)
    EXTI_Init                                0x08000401   Thumb Code   142  stm32f10x_exti.o(.text)
    EXTI_StructInit                          0x0800048f   Thumb Code    16  stm32f10x_exti.o(.text)
    EXTI_GenerateSWInterrupt                 0x0800049f   Thumb Code    16  stm32f10x_exti.o(.text)
    EXTI_GetFlagStatus                       0x080004af   Thumb Code    22  stm32f10x_exti.o(.text)
    EXTI_ClearFlag                           0x080004c5   Thumb Code     8  stm32f10x_exti.o(.text)
    EXTI_GetITStatus                         0x080004cd   Thumb Code    34  stm32f10x_exti.o(.text)
    EXTI_ClearITPendingBit                   0x080004ef   Thumb Code     8  stm32f10x_exti.o(.text)
    GPIO_DeInit                              0x08000501   Thumb Code   172  stm32f10x_gpio.o(.text)
    GPIO_AFIODeInit                          0x080005ad   Thumb Code    20  stm32f10x_gpio.o(.text)
    GPIO_Init                                0x080005c1   Thumb Code   278  stm32f10x_gpio.o(.text)
    GPIO_StructInit                          0x080006d7   Thumb Code    16  stm32f10x_gpio.o(.text)
    GPIO_ReadInputDataBit                    0x080006e7   Thumb Code    18  stm32f10x_gpio.o(.text)
    GPIO_ReadInputData                       0x080006f9   Thumb Code     8  stm32f10x_gpio.o(.text)
    GPIO_ReadOutputDataBit                   0x08000701   Thumb Code    18  stm32f10x_gpio.o(.text)
    GPIO_ReadOutputData                      0x08000713   Thumb Code     8  stm32f10x_gpio.o(.text)
    GPIO_SetBits                             0x0800071b   Thumb Code     4  stm32f10x_gpio.o(.text)
    GPIO_ResetBits                           0x0800071f   Thumb Code     4  stm32f10x_gpio.o(.text)
    GPIO_WriteBit                            0x08000723   Thumb Code    10  stm32f10x_gpio.o(.text)
    GPIO_Write                               0x0800072d   Thumb Code     4  stm32f10x_gpio.o(.text)
    GPIO_PinLockConfig                       0x08000731   Thumb Code    18  stm32f10x_gpio.o(.text)
    GPIO_EventOutputConfig                   0x08000743   Thumb Code    26  stm32f10x_gpio.o(.text)
    GPIO_EventOutputCmd                      0x0800075d   Thumb Code     6  stm32f10x_gpio.o(.text)
    GPIO_PinRemapConfig                      0x08000763   Thumb Code   138  stm32f10x_gpio.o(.text)
    GPIO_EXTILineConfig                      0x080007ed   Thumb Code    66  stm32f10x_gpio.o(.text)
    GPIO_ETH_MediaInterfaceConfig            0x0800082f   Thumb Code     8  stm32f10x_gpio.o(.text)
    RCC_DeInit                               0x0800085d   Thumb Code    64  stm32f10x_rcc.o(.text)
    RCC_HSEConfig                            0x0800089d   Thumb Code    70  stm32f10x_rcc.o(.text)
    RCC_GetFlagStatus                        0x080008e3   Thumb Code    56  stm32f10x_rcc.o(.text)
    RCC_WaitForHSEStartUp                    0x0800091b   Thumb Code    56  stm32f10x_rcc.o(.text)
    RCC_AdjustHSICalibrationValue            0x08000953   Thumb Code    20  stm32f10x_rcc.o(.text)
    RCC_HSICmd                               0x08000967   Thumb Code     6  stm32f10x_rcc.o(.text)
    RCC_PLLConfig                            0x0800096d   Thumb Code    24  stm32f10x_rcc.o(.text)
    RCC_PLLCmd                               0x08000985   Thumb Code     6  stm32f10x_rcc.o(.text)
    RCC_SYSCLKConfig                         0x0800098b   Thumb Code    18  stm32f10x_rcc.o(.text)
    RCC_GetSYSCLKSource                      0x0800099d   Thumb Code    10  stm32f10x_rcc.o(.text)
    RCC_HCLKConfig                           0x080009a7   Thumb Code    18  stm32f10x_rcc.o(.text)
    RCC_PCLK1Config                          0x080009b9   Thumb Code    18  stm32f10x_rcc.o(.text)
    RCC_PCLK2Config                          0x080009cb   Thumb Code    20  stm32f10x_rcc.o(.text)
    RCC_ITConfig                             0x080009df   Thumb Code    26  stm32f10x_rcc.o(.text)
    RCC_USBCLKConfig                         0x080009f9   Thumb Code     8  stm32f10x_rcc.o(.text)
    RCC_ADCCLKConfig                         0x08000a01   Thumb Code    18  stm32f10x_rcc.o(.text)
    RCC_LSEConfig                            0x08000a13   Thumb Code    50  stm32f10x_rcc.o(.text)
    RCC_LSICmd                               0x08000a45   Thumb Code     6  stm32f10x_rcc.o(.text)
    RCC_RTCCLKConfig                         0x08000a4b   Thumb Code    12  stm32f10x_rcc.o(.text)
    RCC_RTCCLKCmd                            0x08000a57   Thumb Code     8  stm32f10x_rcc.o(.text)
    RCC_GetClocksFreq                        0x08000a5f   Thumb Code   192  stm32f10x_rcc.o(.text)
    RCC_AHBPeriphClockCmd                    0x08000b1f   Thumb Code    26  stm32f10x_rcc.o(.text)
    RCC_APB2PeriphClockCmd                   0x08000b39   Thumb Code    26  stm32f10x_rcc.o(.text)
    RCC_APB1PeriphClockCmd                   0x08000b53   Thumb Code    26  stm32f10x_rcc.o(.text)
    RCC_APB2PeriphResetCmd                   0x08000b6d   Thumb Code    26  stm32f10x_rcc.o(.text)
    RCC_APB1PeriphResetCmd                   0x08000b87   Thumb Code    26  stm32f10x_rcc.o(.text)
    RCC_BackupResetCmd                       0x08000ba1   Thumb Code     8  stm32f10x_rcc.o(.text)
    RCC_ClockSecuritySystemCmd               0x08000ba9   Thumb Code     6  stm32f10x_rcc.o(.text)
    RCC_MCOConfig                            0x08000baf   Thumb Code     6  stm32f10x_rcc.o(.text)
    RCC_ClearFlag                            0x08000bb5   Thumb Code    14  stm32f10x_rcc.o(.text)
    RCC_GetITStatus                          0x08000bc3   Thumb Code    20  stm32f10x_rcc.o(.text)
    RCC_ClearITPendingBit                    0x08000bd7   Thumb Code     6  stm32f10x_rcc.o(.text)
    RTC_ITConfig                             0x08000c01   Thumb Code    26  stm32f10x_rtc.o(.text)
    RTC_EnterConfigMode                      0x08000c1b   Thumb Code    18  stm32f10x_rtc.o(.text)
    RTC_ExitConfigMode                       0x08000c2d   Thumb Code    20  stm32f10x_rtc.o(.text)
    RTC_GetCounter                           0x08000c41   Thumb Code    18  stm32f10x_rtc.o(.text)
    RTC_SetCounter                           0x08000c53   Thumb Code    26  stm32f10x_rtc.o(.text)
    RTC_SetPrescaler                         0x08000c6d   Thumb Code    28  stm32f10x_rtc.o(.text)
    RTC_SetAlarm                             0x08000c89   Thumb Code    26  stm32f10x_rtc.o(.text)
    RTC_GetDivider                           0x08000ca3   Thumb Code    22  stm32f10x_rtc.o(.text)
    RTC_WaitForLastTask                      0x08000cb9   Thumb Code    18  stm32f10x_rtc.o(.text)
    RTC_WaitForSynchro                       0x08000ccb   Thumb Code    36  stm32f10x_rtc.o(.text)
    RTC_GetFlagStatus                        0x08000cef   Thumb Code    22  stm32f10x_rtc.o(.text)
    RTC_ClearFlag                            0x08000d05   Thumb Code    16  stm32f10x_rtc.o(.text)
    RTC_GetITStatus                          0x08000d15   Thumb Code    32  stm32f10x_rtc.o(.text)
    RTC_ClearITPendingBit                    0x08000d35   Thumb Code    16  stm32f10x_rtc.o(.text)
    TIM_DeInit                               0x08000d49   Thumb Code   424  stm32f10x_tim.o(.text)
    TIM_TimeBaseInit                         0x08000ef1   Thumb Code   122  stm32f10x_tim.o(.text)
    TIM_OC1Init                              0x08000f6b   Thumb Code   132  stm32f10x_tim.o(.text)
    TIM_OC2Init                              0x08000fef   Thumb Code   154  stm32f10x_tim.o(.text)
    TIM_OC3Init                              0x08001089   Thumb Code   150  stm32f10x_tim.o(.text)
    TIM_OC4Init                              0x0800111f   Thumb Code   182  stm32f10x_tim.o(.text)
    TIM_SetIC4Prescaler                      0x080011d5   Thumb Code    26  stm32f10x_tim.o(.text)
    TIM_SetIC3Prescaler                      0x08001271   Thumb Code    18  stm32f10x_tim.o(.text)
    TIM_SetIC2Prescaler                      0x080012fd   Thumb Code    26  stm32f10x_tim.o(.text)
    TIM_SetIC1Prescaler                      0x08001399   Thumb Code    18  stm32f10x_tim.o(.text)
    TIM_ICInit                               0x08001417   Thumb Code   150  stm32f10x_tim.o(.text)
    TIM_PWMIConfig                           0x080014ad   Thumb Code   124  stm32f10x_tim.o(.text)
    TIM_BDTRConfig                           0x08001529   Thumb Code    32  stm32f10x_tim.o(.text)
    TIM_TimeBaseStructInit                   0x08001549   Thumb Code    18  stm32f10x_tim.o(.text)
    TIM_OCStructInit                         0x0800155b   Thumb Code    20  stm32f10x_tim.o(.text)
    TIM_ICStructInit                         0x0800156f   Thumb Code    18  stm32f10x_tim.o(.text)
    TIM_BDTRStructInit                       0x08001581   Thumb Code    40  stm32f10x_tim.o(.text)
    TIM_Cmd                                  0x080015a9   Thumb Code    24  stm32f10x_tim.o(.text)
    TIM_CtrlPWMOutputs                       0x080015c1   Thumb Code    30  stm32f10x_tim.o(.text)
    TIM_ITConfig                             0x080015df   Thumb Code    18  stm32f10x_tim.o(.text)
    TIM_GenerateEvent                        0x080015f1   Thumb Code     4  stm32f10x_tim.o(.text)
    TIM_DMAConfig                            0x080015f5   Thumb Code    10  stm32f10x_tim.o(.text)
    TIM_DMACmd                               0x080015ff   Thumb Code    18  stm32f10x_tim.o(.text)
    TIM_InternalClockConfig                  0x08001611   Thumb Code    12  stm32f10x_tim.o(.text)
    TIM_SelectInputTrigger                   0x0800161d   Thumb Code    18  stm32f10x_tim.o(.text)
    TIM_ITRxExternalClockConfig              0x0800162f   Thumb Code    24  stm32f10x_tim.o(.text)
    TIM_TIxExternalClockConfig               0x08001647   Thumb Code    62  stm32f10x_tim.o(.text)
    TIM_ETRConfig                            0x08001685   Thumb Code    28  stm32f10x_tim.o(.text)
    TIM_ETRClockMode1Config                  0x080016a1   Thumb Code    54  stm32f10x_tim.o(.text)
    TIM_ETRClockMode2Config                  0x080016d7   Thumb Code    32  stm32f10x_tim.o(.text)
    TIM_PrescalerConfig                      0x080016f7   Thumb Code     6  stm32f10x_tim.o(.text)
    TIM_CounterModeConfig                    0x080016fd   Thumb Code    18  stm32f10x_tim.o(.text)
    TIM_EncoderInterfaceConfig               0x0800170f   Thumb Code    66  stm32f10x_tim.o(.text)
    TIM_ForcedOC1Config                      0x08001751   Thumb Code    18  stm32f10x_tim.o(.text)
    TIM_ForcedOC2Config                      0x08001763   Thumb Code    26  stm32f10x_tim.o(.text)
    TIM_ForcedOC3Config                      0x0800177d   Thumb Code    18  stm32f10x_tim.o(.text)
    TIM_ForcedOC4Config                      0x0800178f   Thumb Code    26  stm32f10x_tim.o(.text)
    TIM_ARRPreloadConfig                     0x080017a9   Thumb Code    24  stm32f10x_tim.o(.text)
    TIM_SelectCOM                            0x080017c1   Thumb Code    24  stm32f10x_tim.o(.text)
    TIM_SelectCCDMA                          0x080017d9   Thumb Code    24  stm32f10x_tim.o(.text)
    TIM_CCPreloadControl                     0x080017f1   Thumb Code    24  stm32f10x_tim.o(.text)
    TIM_OC1PreloadConfig                     0x08001809   Thumb Code    18  stm32f10x_tim.o(.text)
    TIM_OC2PreloadConfig                     0x0800181b   Thumb Code    26  stm32f10x_tim.o(.text)
    TIM_OC3PreloadConfig                     0x08001835   Thumb Code    18  stm32f10x_tim.o(.text)
    TIM_OC4PreloadConfig                     0x08001847   Thumb Code    26  stm32f10x_tim.o(.text)
    TIM_OC1FastConfig                        0x08001861   Thumb Code    18  stm32f10x_tim.o(.text)
    TIM_OC2FastConfig                        0x08001873   Thumb Code    26  stm32f10x_tim.o(.text)
    TIM_OC3FastConfig                        0x0800188d   Thumb Code    18  stm32f10x_tim.o(.text)
    TIM_OC4FastConfig                        0x0800189f   Thumb Code    26  stm32f10x_tim.o(.text)
    TIM_ClearOC1Ref                          0x080018b9   Thumb Code    18  stm32f10x_tim.o(.text)
    TIM_ClearOC2Ref                          0x080018cb   Thumb Code    24  stm32f10x_tim.o(.text)
    TIM_ClearOC3Ref                          0x080018e3   Thumb Code    18  stm32f10x_tim.o(.text)
    TIM_ClearOC4Ref                          0x080018f5   Thumb Code    24  stm32f10x_tim.o(.text)
    TIM_OC1PolarityConfig                    0x0800190d   Thumb Code    18  stm32f10x_tim.o(.text)
    TIM_OC1NPolarityConfig                   0x0800191f   Thumb Code    18  stm32f10x_tim.o(.text)
    TIM_OC2PolarityConfig                    0x08001931   Thumb Code    26  stm32f10x_tim.o(.text)
    TIM_OC2NPolarityConfig                   0x0800194b   Thumb Code    26  stm32f10x_tim.o(.text)
    TIM_OC3PolarityConfig                    0x08001965   Thumb Code    26  stm32f10x_tim.o(.text)
    TIM_OC3NPolarityConfig                   0x0800197f   Thumb Code    26  stm32f10x_tim.o(.text)
    TIM_OC4PolarityConfig                    0x08001999   Thumb Code    26  stm32f10x_tim.o(.text)
    TIM_CCxCmd                               0x080019b3   Thumb Code    30  stm32f10x_tim.o(.text)
    TIM_CCxNCmd                              0x080019d1   Thumb Code    30  stm32f10x_tim.o(.text)
    TIM_SelectOCxM                           0x080019ef   Thumb Code    82  stm32f10x_tim.o(.text)
    TIM_UpdateDisableConfig                  0x08001a41   Thumb Code    24  stm32f10x_tim.o(.text)
    TIM_UpdateRequestConfig                  0x08001a59   Thumb Code    24  stm32f10x_tim.o(.text)
    TIM_SelectHallSensor                     0x08001a71   Thumb Code    24  stm32f10x_tim.o(.text)
    TIM_SelectOnePulseMode                   0x08001a89   Thumb Code    18  stm32f10x_tim.o(.text)
    TIM_SelectOutputTrigger                  0x08001a9b   Thumb Code    18  stm32f10x_tim.o(.text)
    TIM_SelectSlaveMode                      0x08001aad   Thumb Code    18  stm32f10x_tim.o(.text)
    TIM_SelectMasterSlaveMode                0x08001abf   Thumb Code    18  stm32f10x_tim.o(.text)
    TIM_SetCounter                           0x08001ad1   Thumb Code     4  stm32f10x_tim.o(.text)
    TIM_SetAutoreload                        0x08001ad5   Thumb Code     4  stm32f10x_tim.o(.text)
    TIM_SetCompare1                          0x08001ad9   Thumb Code     4  stm32f10x_tim.o(.text)
    TIM_SetCompare2                          0x08001add   Thumb Code     4  stm32f10x_tim.o(.text)
    TIM_SetCompare3                          0x08001ae1   Thumb Code     4  stm32f10x_tim.o(.text)
    TIM_SetCompare4                          0x08001ae5   Thumb Code     6  stm32f10x_tim.o(.text)
    TIM_SetClockDivision                     0x08001aeb   Thumb Code    18  stm32f10x_tim.o(.text)
    TIM_GetCapture1                          0x08001afd   Thumb Code     6  stm32f10x_tim.o(.text)
    TIM_GetCapture2                          0x08001b03   Thumb Code     6  stm32f10x_tim.o(.text)
    TIM_GetCapture3                          0x08001b09   Thumb Code     6  stm32f10x_tim.o(.text)
    TIM_GetCapture4                          0x08001b0f   Thumb Code     8  stm32f10x_tim.o(.text)
    TIM_GetCounter                           0x08001b17   Thumb Code     6  stm32f10x_tim.o(.text)
    TIM_GetPrescaler                         0x08001b1d   Thumb Code     6  stm32f10x_tim.o(.text)
    TIM_GetFlagStatus                        0x08001b23   Thumb Code    18  stm32f10x_tim.o(.text)
    TIM_ClearFlag                            0x08001b35   Thumb Code     6  stm32f10x_tim.o(.text)
    TIM_GetITStatus                          0x08001b3b   Thumb Code    34  stm32f10x_tim.o(.text)
    TIM_ClearITPendingBit                    0x08001b5d   Thumb Code     6  stm32f10x_tim.o(.text)
    USART_DeInit                             0x08001b65   Thumb Code   134  stm32f10x_usart.o(.text)
    USART_Init                               0x08001beb   Thumb Code   210  stm32f10x_usart.o(.text)
    USART_StructInit                         0x08001cbd   Thumb Code    24  stm32f10x_usart.o(.text)
    USART_ClockInit                          0x08001cd5   Thumb Code    34  stm32f10x_usart.o(.text)
    USART_ClockStructInit                    0x08001cf7   Thumb Code    12  stm32f10x_usart.o(.text)
    USART_Cmd                                0x08001d03   Thumb Code    24  stm32f10x_usart.o(.text)
    USART_ITConfig                           0x08001d1b   Thumb Code    74  stm32f10x_usart.o(.text)
    USART_DMACmd                             0x08001d65   Thumb Code    18  stm32f10x_usart.o(.text)
    USART_SetAddress                         0x08001d77   Thumb Code    18  stm32f10x_usart.o(.text)
    USART_WakeUpConfig                       0x08001d89   Thumb Code    18  stm32f10x_usart.o(.text)
    USART_ReceiverWakeUpCmd                  0x08001d9b   Thumb Code    24  stm32f10x_usart.o(.text)
    USART_LINBreakDetectLengthConfig         0x08001db3   Thumb Code    18  stm32f10x_usart.o(.text)
    USART_LINCmd                             0x08001dc5   Thumb Code    24  stm32f10x_usart.o(.text)
    USART_SendData                           0x08001ddd   Thumb Code     8  stm32f10x_usart.o(.text)
    USART_ReceiveData                        0x08001de5   Thumb Code    10  stm32f10x_usart.o(.text)
    USART_SendBreak                          0x08001def   Thumb Code    10  stm32f10x_usart.o(.text)
    USART_SetGuardTime                       0x08001df9   Thumb Code    16  stm32f10x_usart.o(.text)
    USART_SetPrescaler                       0x08001e09   Thumb Code    16  stm32f10x_usart.o(.text)
    USART_SmartCardCmd                       0x08001e19   Thumb Code    24  stm32f10x_usart.o(.text)
    USART_SmartCardNACKCmd                   0x08001e31   Thumb Code    24  stm32f10x_usart.o(.text)
    USART_HalfDuplexCmd                      0x08001e49   Thumb Code    24  stm32f10x_usart.o(.text)
    USART_OverSampling8Cmd                   0x08001e61   Thumb Code    22  stm32f10x_usart.o(.text)
    USART_OneBitMethodCmd                    0x08001e77   Thumb Code    24  stm32f10x_usart.o(.text)
    USART_IrDAConfig                         0x08001e8f   Thumb Code    18  stm32f10x_usart.o(.text)
    USART_IrDACmd                            0x08001ea1   Thumb Code    24  stm32f10x_usart.o(.text)
    USART_GetFlagStatus                      0x08001eb9   Thumb Code    26  stm32f10x_usart.o(.text)
    USART_ClearFlag                          0x08001ed3   Thumb Code    18  stm32f10x_usart.o(.text)
    USART_GetITStatus                        0x08001ee5   Thumb Code    84  stm32f10x_usart.o(.text)
    USART_ClearITPendingBit                  0x08001f39   Thumb Code    52  stm32f10x_usart.o(.text)
    GizWits_GatherSensorData                 0x08001f6d   Thumb Code    90  main.o(.text)
    GizWits_ControlDeviceHandle              0x08001fc7   Thumb Code   680  main.o(.text)
    KEY_Handle                               0x0800226f   Thumb Code   120  main.o(.text)
    SW_Init                                  0x080022e7   Thumb Code    50  main.o(.text)
    Printf_SystemRccClocks                   0x08002319   Thumb Code   712  main.o(.text)
    HW_Init                                  0x080025e1   Thumb Code    52  main.o(.text)
    main                                     0x08002615   Thumb Code    96  main.o(.text)
    GizWits_WiFiStatueHandle                 0x08002675   Thumb Code    44  main.o(.text)
    NMI_Handler                              0x08002729   Thumb Code     2  stm32f10x_it.o(.text)
    HardFault_Handler                        0x0800272b   Thumb Code     8  stm32f10x_it.o(.text)
    MemManage_Handler                        0x08002733   Thumb Code     4  stm32f10x_it.o(.text)
    BusFault_Handler                         0x08002737   Thumb Code     4  stm32f10x_it.o(.text)
    UsageFault_Handler                       0x0800273b   Thumb Code     4  stm32f10x_it.o(.text)
    SVC_Handler                              0x0800273f   Thumb Code     2  stm32f10x_it.o(.text)
    DebugMon_Handler                         0x08002741   Thumb Code     2  stm32f10x_it.o(.text)
    PendSV_Handler                           0x08002743   Thumb Code     2  stm32f10x_it.o(.text)
    SysTick_Handler                          0x08002745   Thumb Code    10  stm32f10x_it.o(.text)
    USART1_IRQHandler                        0x0800274f   Thumb Code    56  stm32f10x_it.o(.text)
    USART2_IRQHandler                        0x08002787   Thumb Code    58  stm32f10x_it.o(.text)
    USART3_IRQHandler                        0x080027c1   Thumb Code    56  stm32f10x_it.o(.text)
    TIM3_IRQHandler                          0x080027f9   Thumb Code    74  stm32f10x_it.o(.text)
    RTC_IRQHandler                           0x08002843   Thumb Code    18  stm32f10x_it.o(.text)
    EXTI9_5_IRQHandler                       0x08002855   Thumb Code    60  stm32f10x_it.o(.text)
    Delay_Init                               0x080028d1   Thumb Code    52  delay.o(.text)
    Delay_us                                 0x08002905   Thumb Code    56  delay.o(.text)
    Delay_ms                                 0x0800293d   Thumb Code    56  delay.o(.text)
    KEY_GPIO_Init                            0x0800297d   Thumb Code    72  hal_key.o(.text)
    TIM3_Int_Init                            0x080029c5   Thumb Code    90  hal_key.o(.text)
    Get_Key                                  0x08002a1f   Thumb Code    54  hal_key.o(.text)
    ReadKeyValue                             0x08002a55   Thumb Code   208  hal_key.o(.text)
    LED_OFF                                  0x08002b49   Thumb Code    74  hal_led.o(.text)
    LED_GPIO_Init                            0x08002b93   Thumb Code   116  hal_led.o(.text)
    LED_ON                                   0x08002c07   Thumb Code    74  hal_led.o(.text)
    TIM3_GPIO_Config                         0x08002c55   Thumb Code    62  hal_motor.o(.text)
    TIM3_Mode_Config                         0x08002c93   Thumb Code    82  hal_motor.o(.text)
    Motor_Init                               0x08002ce5   Thumb Code    12  hal_motor.o(.text)
    Motor_Control                            0x08002cf1   Thumb Code    34  hal_motor.o(.text)
    Motor_status                             0x08002d13   Thumb Code    62  hal_motor.o(.text)
    RGB_KEY_GPIO_Init                        0x08002d61   Thumb Code    44  hal_rgb_led.o(.text)
    LED_delay                                0x08002d8d   Thumb Code    24  hal_rgb_led.o(.text)
    ClkProduce                               0x08002da5   Thumb Code    36  hal_rgb_led.o(.text)
    Send32Zero                               0x08002dc9   Thumb Code    30  hal_rgb_led.o(.text)
    TakeAntiCode                             0x08002de7   Thumb Code    12  hal_rgb_led.o(.text)
    DatSend                                  0x08002df3   Thumb Code    52  hal_rgb_led.o(.text)
    DataDealWithAndSend                      0x08002e27   Thumb Code    66  hal_rgb_led.o(.text)
    RGB_LED_Init                             0x08002e69   Thumb Code    64  hal_rgb_led.o(.text)
    LED_RGB_Control                          0x08002ea9   Thumb Code    42  hal_rgb_led.o(.text)
    DHT11_Rst                                0x08002edd   Thumb Code    56  hal_temp_hum.o(.text)
    DHT11_Check                              0x08002f15   Thumb Code   100  hal_temp_hum.o(.text)
    DHT11_Read_Bit                           0x08002f79   Thumb Code    76  hal_temp_hum.o(.text)
    DHT11_Read_Byte                          0x08002fc5   Thumb Code    30  hal_temp_hum.o(.text)
    DHT11_Read_Data                          0x08002fe3   Thumb Code    88  hal_temp_hum.o(.text)
    DHT11_Init                               0x0800303b   Thumb Code    62  hal_temp_hum.o(.text)
    UART_GPIO_Init                           0x08003089   Thumb Code   230  hal_uart.o(.text)
    UART_Config                              0x0800316f   Thumb Code   202  hal_uart.o(.text)
    NVIC_Configuration                       0x08003239   Thumb Code    88  hal_uart.o(.text)
    UART2_Send_DATA                          0x08003291   Thumb Code    28  hal_uart.o(.text)
    UART1_Send_DATA                          0x080032ad   Thumb Code    28  hal_uart.o(.text)
    UARTx_Init                               0x080032c9   Thumb Code    16  hal_uart.o(.text)
    fputc                                    0x080032d9   Thumb Code    32  hal_uart.o(.text)
    IR_Init                                  0x08003311   Thumb Code    38  hal_infrared.o(.text)
    IR_Handle                                0x08003337   Thumb Code    20  hal_infrared.o(.text)
    exchangeBytes                            0x08003429   Thumb Code    22  protocol.o(.text)
    CheckSum                                 0x0800343f   Thumb Code    40  protocol.o(.text)
    GizWits_init                             0x08003467   Thumb Code   160  protocol.o(.text)
    GizWits_MessageHandle                    0x080039cb   Thumb Code   220  protocol.o(.text)
    GizWits_D2WResetCmd                      0x08003aa7   Thumb Code   128  protocol.o(.text)
    GizWits_D2WConfigCmd                     0x08003b27   Thumb Code   134  protocol.o(.text)
    GizWits_DevStatusUpgrade                 0x08003bad   Thumb Code   262  protocol.o(.text)
    rb_new                                   0x08003ce5   Thumb Code    16  ringbuffer.o(.text)
    rb_free                                  0x08003cf5   Thumb Code     2  ringbuffer.o(.text)
    rb_capacity                              0x08003cf7   Thumb Code     6  ringbuffer.o(.text)
    rb_can_read                              0x08003cfd   Thumb Code    48  ringbuffer.o(.text)
    rb_can_write                             0x08003d2d   Thumb Code    22  ringbuffer.o(.text)
    rb_read                                  0x08003d43   Thumb Code   152  ringbuffer.o(.text)
    rb_write                                 0x08003ddb   Thumb Code   150  ringbuffer.o(.text)
    __aeabi_memcpy                           0x08003e71   Thumb Code    36  memcpya.o(.text)
    __aeabi_memcpy4                          0x08003e71   Thumb Code     0  memcpya.o(.text)
    __aeabi_memcpy8                          0x08003e71   Thumb Code     0  memcpya.o(.text)
    __aeabi_memset                           0x08003e95   Thumb Code    14  memseta.o(.text)
    __aeabi_memset4                          0x08003e95   Thumb Code     0  memseta.o(.text)
    __aeabi_memset8                          0x08003e95   Thumb Code     0  memseta.o(.text)
    __aeabi_memclr                           0x08003ea3   Thumb Code     4  memseta.o(.text)
    __aeabi_memclr4                          0x08003ea3   Thumb Code     0  memseta.o(.text)
    __aeabi_memclr8                          0x08003ea3   Thumb Code     0  memseta.o(.text)
    _memset$wrapper                          0x08003ea7   Thumb Code    18  memseta.o(.text)
    memcmp                                   0x08003eb9   Thumb Code    26  memcmp.o(.text)
    __aeabi_uldivmod                         0x08003ed3   Thumb Code    98  uldiv.o(.text)
    __scatterload                            0x08003f35   Thumb Code    28  init.o(.text)
    __scatterload_rt2                        0x08003f35   Thumb Code     0  init.o(.text)
    __aeabi_llsl                             0x08003f59   Thumb Code    30  llshl.o(.text)
    _ll_shift_l                              0x08003f59   Thumb Code     0  llshl.o(.text)
    __aeabi_llsr                             0x08003f77   Thumb Code    32  llushr.o(.text)
    _ll_ushift_r                             0x08003f77   Thumb Code     0  llushr.o(.text)
    __0printf$8                              0x08003f99   Thumb Code    22  printf8.o(i.__0printf$8)
    __1printf$8                              0x08003f99   Thumb Code     0  printf8.o(i.__0printf$8)
    __2printf                                0x08003f99   Thumb Code     0  printf8.o(i.__0printf$8)
    __scatterload_copy                       0x08003fb9   Thumb Code    14  handlers.o(i.__scatterload_copy)
    __scatterload_null                       0x08003fc7   Thumb Code     2  handlers.o(i.__scatterload_null)
    __scatterload_zeroinit                   0x08003fc9   Thumb Code    14  handlers.o(i.__scatterload_zeroinit)
    Region$$Table$$Base                      0x0800443c   Number         0  anon$$obj.o(Region$$Table)
    Region$$Table$$Limit                     0x0800445c   Number         0  anon$$obj.o(Region$$Table)
    SystemCoreClock                          0x20000000   Data           4  system_stm32f10x.o(.data)
    AHBPrescTable                            0x20000004   Data          16  system_stm32f10x.o(.data)
    ReportTimeCount                          0x20000028   Data           4  main.o(.data)
    gaterSensorFlag                          0x2000002c   Data           1  main.o(.data)
    Set_LedStatus                            0x2000002d   Data           1  main.o(.data)
    NetConfigureFlag                         0x2000002e   Data           1  main.o(.data)
    curTem                                   0x2000002f   Data           1  main.o(.data)
    curHum                                   0x20000030   Data           1  main.o(.data)
    lastTem                                  0x20000031   Data           1  main.o(.data)
    lastHum                                  0x20000032   Data           1  main.o(.data)
    p0Flag                                   0x20000033   Data           1  main.o(.data)
    WirteTypeDef                             0x20000034   Data           8  main.o(.data)
    last_data                                0x2000003c   Data           1  stm32f10x_it.o(.data)
    gaterTime                                0x2000003e   Data           2  stm32f10x_it.o(.data)
    KeyCountTime                             0x20000044   Data           1  hal_key.o(.data)
    SN                                       0x2000004c   Data           1  protocol.o(.data)
    g_P0DataLen                              0x2000004d   Data           1  protocol.o(.data)
    SystemTimeCount                          0x20000050   Data           4  protocol.o(.data)
    Last_ReportTime                          0x20000054   Data           4  protocol.o(.data)
    Last_Report_10_Time                      0x20000058   Data           4  protocol.o(.data)
    timeoutFlag                              0x2000005c   Data           1  protocol.o(.data)
    packageFlag                              0x2000005d   Data           1  protocol.o(.data)
    dataLen                                  0x2000005e   Data           2  protocol.o(.data)
    count                                    0x20000060   Data           2  protocol.o(.data)
    lastValue                                0x20000062   Data           1  protocol.o(.data)
    curValue                                 0x20000063   Data           1  protocol.o(.data)
    callBackFunc                             0x20000064   Data           4  protocol.o(.data)
    __stdout                                 0x20000068   Data           4  stdout.o(.data)
    ReadTypeDef                              0x2000006c   Data          12  main.o(.bss)
    u_ring_buff                              0x20000078   Data         268  protocol.o(.bss)
    UART_HandleStruct                        0x20000184   Data         257  protocol.o(.bss)
    Pro_M2W_ReturnInfoStruct                 0x20000285   Data          75  protocol.o(.bss)
    Pro_CommonCmdStruct                      0x200002d0   Data           9  protocol.o(.bss)
    Wait_AckStruct                           0x200002d9   Data         264  protocol.o(.bss)
    Pro_HeadPartP0Cmd                        0x200003e1   Data           9  protocol.o(.bss)
    Pro_W2D_WifiStatusStruct                 0x200003ea   Data          11  protocol.o(.bss)
    g_DevStatus                              0x200003f5   Data         128  protocol.o(.bss)
    tmp_buf                                  0x20000475   Data         256  protocol.o(.bss)
    __initial_sp                             0x20000978   Data           0  startup_stm32f10x_md.o(STACK)



==============================================================================

Memory Map of the image

  Image Entry point : 0x08000105

  Load Region LR_1 (Base: 0x08000000, Size: 0x000044c8, Max: 0xffffffff, ABSOLUTE)

    Execution Region ER_RO (Base: 0x08000000, Size: 0x0000445c, Max: 0xffffffff, ABSOLUTE)

    Base Addr    Size         Type   Attr      Idx    E Section Name        Object

    0x08000000   0x000000ec   Data   RO            3    RESET               startup_stm32f10x_md.o
    0x080000ec   0x00000000   Code   RO          643  * .ARM.Collect$$$$00000000  mc_w.l(entry.o)
    0x080000ec   0x00000004   Code   RO          915    .ARM.Collect$$$$00000001  mc_w.l(entry2.o)
    0x080000f0   0x00000004   Code   RO          918    .ARM.Collect$$$$00000004  mc_w.l(entry5.o)
    0x080000f4   0x00000000   Code   RO          920    .ARM.Collect$$$$00000008  mc_w.l(entry7b.o)
    0x080000f4   0x00000000   Code   RO          922    .ARM.Collect$$$$0000000A  mc_w.l(entry8b.o)
    0x080000f4   0x00000008   Code   RO          923    .ARM.Collect$$$$0000000B  mc_w.l(entry9a.o)
    0x080000fc   0x00000000   Code   RO          925    .ARM.Collect$$$$0000000D  mc_w.l(entry10a.o)
    0x080000fc   0x00000000   Code   RO          927    .ARM.Collect$$$$0000000F  mc_w.l(entry11a.o)
    0x080000fc   0x00000004   Code   RO          916    .ARM.Collect$$$$00002712  mc_w.l(entry2.o)
    0x08000100   0x00000002   Code   RO          469    .emb_text           stm32f10x_it.o
    0x08000102   0x00000002   PAD
    0x08000104   0x00000024   Code   RO            4  * .text               startup_stm32f10x_md.o
    0x08000128   0x000001e0   Code   RO           24    .text               system_stm32f10x.o
    0x08000308   0x000000dc   Code   RO          121    .text               misc.o
    0x080003e4   0x0000011c   Code   RO          233    .text               stm32f10x_exti.o
    0x08000500   0x0000035c   Code   RO          269    .text               stm32f10x_gpio.o
    0x0800085c   0x000003a4   Code   RO          317    .text               stm32f10x_rcc.o
    0x08000c00   0x00000148   Code   RO          331    .text               stm32f10x_rtc.o
    0x08000d48   0x00000e1a   Code   RO          367    .text               stm32f10x_tim.o
    0x08001b62   0x00000002   PAD
    0x08001b64   0x00000408   Code   RO          379    .text               stm32f10x_usart.o
    0x08001f6c   0x000007bc   Code   RO          403    .text               main.o
    0x08002728   0x000001a8   Code   RO          470    .text               stm32f10x_it.o
    0x080028d0   0x000000ac   Code   RO          502    .text               delay.o
    0x0800297c   0x000001cc   Code   RO          516    .text               hal_key.o
    0x08002b48   0x0000010c   Code   RO          535    .text               hal_led.o
    0x08002c54   0x0000010c   Code   RO          547    .text               hal_motor.o
    0x08002d60   0x0000017c   Code   RO          559    .text               hal_rgb_led.o
    0x08002edc   0x000001ac   Code   RO          571    .text               hal_temp_hum.o
    0x08003088   0x00000288   Code   RO          583    .text               hal_uart.o
    0x08003310   0x00000040   Code   RO          595    .text               hal_infrared.o
    0x08003350   0x00000994   Code   RO          607    .text               protocol.o
    0x08003ce4   0x0000018c   Code   RO          628    .text               ringbuffer.o
    0x08003e70   0x00000024   Code   RO          646    .text               mc_w.l(memcpya.o)
    0x08003e94   0x00000024   Code   RO          648    .text               mc_w.l(memseta.o)
    0x08003eb8   0x0000001a   Code   RO          650    .text               mc_w.l(memcmp.o)
    0x08003ed2   0x00000062   Code   RO          932    .text               mc_w.l(uldiv.o)
    0x08003f34   0x00000024   Code   RO          945    .text               mc_w.l(init.o)
    0x08003f58   0x0000001e   Code   RO          947    .text               mc_w.l(llshl.o)
    0x08003f76   0x00000020   Code   RO          949    .text               mc_w.l(llushr.o)
    0x08003f96   0x00000002   PAD
    0x08003f98   0x00000020   Code   RO          861    i.__0printf$8       mc_w.l(printf8.o)
    0x08003fb8   0x0000000e   Code   RO          957    i.__scatterload_copy  mc_w.l(handlers.o)
    0x08003fc6   0x00000002   Code   RO          958    i.__scatterload_null  mc_w.l(handlers.o)
    0x08003fc8   0x0000000e   Code   RO          959    i.__scatterload_zeroinit  mc_w.l(handlers.o)
    0x08003fd6   0x00000002   PAD
    0x08003fd8   0x00000410   Code   RO          868    i._printf_core      mc_w.l(printf8.o)
    0x080043e8   0x00000024   Code   RO          869    i._printf_post_padding  mc_w.l(printf8.o)
    0x0800440c   0x0000002e   Code   RO          870    i._printf_pre_padding  mc_w.l(printf8.o)
    0x0800443a   0x00000002   PAD
    0x0800443c   0x00000020   Data   RO          955    Region$$Table       anon$$obj.o


    Execution Region ER_RW (Base: 0x20000000, Size: 0x0000006c, Max: 0xffffffff, ABSOLUTE)

    Base Addr    Size         Type   Attr      Idx    E Section Name        Object

    0x20000000   0x00000014   Data   RW           25    .data               system_stm32f10x.o
    0x20000014   0x00000014   Data   RW          318    .data               stm32f10x_rcc.o
    0x20000028   0x00000014   Data   RW          405    .data               main.o
    0x2000003c   0x00000004   Data   RW          471    .data               stm32f10x_it.o
    0x20000040   0x00000004   Data   RW          503    .data               delay.o
    0x20000044   0x00000007   Data   RW          517    .data               hal_key.o
    0x2000004b   0x00000001   PAD
    0x2000004c   0x0000001c   Data   RW          609    .data               protocol.o
    0x20000068   0x00000004   Data   RW          929    .data               mc_w.l(stdout.o)


    Execution Region ER_ZI (Base: 0x2000006c, Size: 0x0000090c, Max: 0xffffffff, ABSOLUTE)

    Base Addr    Size         Type   Attr      Idx    E Section Name        Object

    0x2000006c   0x0000000c   Zero   RW          404    .bss                main.o
    0x20000078   0x000004fd   Zero   RW          608    .bss                protocol.o
    0x20000575   0x00000003   PAD
    0x20000578   0x00000400   Zero   RW            1    STACK               startup_stm32f10x_md.o


==============================================================================

Image component sizes


      Code (inc. data)   RO Data    RW Data    ZI Data      Debug   Object Name

         0          0          0          0          0       4496   core_cm3.o
       172          8          0          4          0       1027   delay.o
        64          6          0          0          0        668   hal_infrared.o
       460         36          0          7          0       1734   hal_key.o
       268          4          0          0          0        907   hal_led.o
       268         16          0          0          0       1322   hal_motor.o
       380         10          0          0          0       2246   hal_rgb_led.o
       428         16          0          0          0       2222   hal_temp_hum.o
       648         24          0          0          0       1797   hal_uart.o
      1980        708          0         20         12       8990   main.o
       220         22          0          0          0       1857   misc.o
      2452        444          0         28       1277      22510   protocol.o
       396          0          0          0          0       2571   ringbuffer.o
        36          8        236          0       1024        912   startup_stm32f10x_md.o
       284         10          0          0          0       2311   stm32f10x_exti.o
       860         38          0          0          0       5785   stm32f10x_gpio.o
       426         64          0          4          0       4724   stm32f10x_it.o
       932         36          0         20          0       8964   stm32f10x_rcc.o
       328          4          0          0          0       2742   stm32f10x_rtc.o
      3610         88          0          0          0      22896   stm32f10x_tim.o
      1032         22          0          0          0       8512   stm32f10x_usart.o
       480         38          0         20          0     251455   system_stm32f10x.o

    ----------------------------------------------------------------------
     15728       1602        268        104       2316     360648   Object Totals
         0          0         32          0          0          0   (incl. Generated)
         4          0          0          1          3          0   (incl. Padding)

    ----------------------------------------------------------------------

      Code (inc. data)   RO Data    RW Data    ZI Data      Debug   Library Member Name

         0          0          0          0          0          0   entry.o
         0          0          0          0          0          0   entry10a.o
         0          0          0          0          0          0   entry11a.o
         8          4          0          0          0          0   entry2.o
         4          0          0          0          0          0   entry5.o
         0          0          0          0          0          0   entry7b.o
         0          0          0          0          0          0   entry8b.o
         8          4          0          0          0          0   entry9a.o
        30          0          0          0          0          0   handlers.o
        36          8          0          0          0         68   init.o
        30          0          0          0          0         68   llshl.o
        32          0          0          0          0         68   llushr.o
        26          0          0          0          0         80   memcmp.o
        36          0          0          0          0         68   memcpya.o
        36          0          0          0          0        108   memseta.o
      1154         54          0          0          0        352   printf8.o
         0          0          0          4          0          0   stdout.o
        98          0          0          0          0         92   uldiv.o

    ----------------------------------------------------------------------
      1504         70          0          4          0        904   Library Totals
         6          0          0          0          0          0   (incl. Padding)

    ----------------------------------------------------------------------

      Code (inc. data)   RO Data    RW Data    ZI Data      Debug   Library Name

      1498         70          0          4          0        904   mc_w.l

    ----------------------------------------------------------------------
      1504         70          0          4          0        904   Library Totals

    ----------------------------------------------------------------------

==============================================================================


      Code (inc. data)   RO Data    RW Data    ZI Data      Debug   

     17232       1672        268        108       2316     359364   Grand Totals
     17232       1672        268        108       2316     359364   ELF Image Totals
     17232       1672        268        108          0          0   ROM Totals

==============================================================================

    Total RO  Size (Code + RO Data)                17500 (  17.09kB)
    Total RW  Size (RW Data + ZI Data)              2424 (   2.37kB)
    Total ROM Size (Code + RO Data + RW Data)      17608 (  17.20kB)

==============================================================================

